Component: ARM Compiler 5.06 update 5 (build 528) Tool: armlink [4d35e2]

==============================================================================

Section Cross References

    main.o(i.MapVoltageToY) refers to fadd.o(.text) for __aeabi_frsub
    main.o(i.MapVoltageToY) refers to fmul.o(.text) for __aeabi_fmul
    main.o(i.MapVoltageToY) refers to cfcmple.o(.text) for __aeabi_cfcmple
    main.o(i.MapVoltageToY) refers to cfrcmple.o(.text) for __aeabi_cfrcmple
    main.o(i.MapVoltageToY) refers to ffixui.o(.text) for __aeabi_f2uiz
    main.o(i.TIM2_IRQHandler) refers to stm32f10x_tim.o(i.TIM_GetITStatus) for TIM_GetITStatus
    main.o(i.TIM2_IRQHandler) refers to stm32f10x_tim.o(i.TIM_ClearITPendingBit) for TIM_ClearITPendingBit
    main.o(i.TIM2_IRQHandler) refers to bsp_adc.o(i.ADC1_GetVoltage) for ADC1_GetVoltage
    main.o(i.TIM2_IRQHandler) refers to fmul.o(.text) for __aeabi_fmul
    main.o(i.TIM2_IRQHandler) refers to f2d.o(.text) for __aeabi_f2d
    main.o(i.TIM2_IRQHandler) refers to dadd.o(.text) for __aeabi_dsub
    main.o(i.TIM2_IRQHandler) refers to printfa.o(i.__0sprintf) for __2sprintf
    main.o(i.TIM2_IRQHandler) refers to bsp_lcd_ili9341.o(i.LCD_String) for LCD_String
    main.o(i.TIM2_IRQHandler) refers to main.o(i.MapVoltageToY) for MapVoltageToY
    main.o(i.TIM2_IRQHandler) refers to bsp_lcd_ili9341.o(i.LCD_Fill) for LCD_Fill
    main.o(i.TIM2_IRQHandler) refers to bsp_lcd_ili9341.o(i.LCD_Line) for LCD_Line
    main.o(i.TIM2_IRQHandler) refers to bsp_lcd_ili9341.o(i.LCD_DrawPoint) for LCD_DrawPoint
    main.o(i.TIM2_IRQHandler) refers to main.o(.data) for screen_filled
    main.o(i.TIM2_Init) refers to stm32f10x_rcc.o(i.RCC_APB1PeriphClockCmd) for RCC_APB1PeriphClockCmd
    main.o(i.TIM2_Init) refers to stm32f10x_tim.o(i.TIM_TimeBaseInit) for TIM_TimeBaseInit
    main.o(i.TIM2_Init) refers to stm32f10x_tim.o(i.TIM_ITConfig) for TIM_ITConfig
    main.o(i.TIM2_Init) refers to stm32f10x_tim.o(i.TIM_Cmd) for TIM_Cmd
    main.o(i.TIM2_Init) refers to misc.o(i.NVIC_Init) for NVIC_Init
    main.o(i.main) refers to bsp_usart.o(i.USART1_Init) for USART1_Init
    main.o(i.main) refers to system_f103.o(i.System_SwdMode) for System_SwdMode
    main.o(i.main) refers to bsp_w25qxx.o(i.W25qx_Init) for W25qx_Init
    main.o(i.main) refers to bsp_lcd_ili9341.o(i.LCD_Init) for LCD_Init
    main.o(i.main) refers to bsp_lcd_ili9341.o(i.LCD_DisplayDir) for LCD_DisplayDir
    main.o(i.main) refers to main.o(i.TIM2_Init) for TIM2_Init
    bsp_lcd_ili9341.o(i.LCD_Circle) refers to bsp_lcd_ili9341.o(i.LCD_DrawPoint) for LCD_DrawPoint
    bsp_lcd_ili9341.o(i.LCD_Cross) refers to bsp_lcd_ili9341.o(i.LCD_Line) for LCD_Line
    bsp_lcd_ili9341.o(i.LCD_DisplayDir) refers to bsp_lcd_ili9341.o(i.wrtieCmd) for wrtieCmd
    bsp_lcd_ili9341.o(i.LCD_DisplayDir) refers to bsp_lcd_ili9341.o(i.writeData) for writeData
    bsp_lcd_ili9341.o(i.LCD_DisplayDir) refers to bsp_lcd_ili9341.o(.bss) for xLCD
    bsp_lcd_ili9341.o(i.LCD_DisplayOff) refers to bsp_lcd_ili9341.o(i.wrtieCmd) for wrtieCmd
    bsp_lcd_ili9341.o(i.LCD_DisplayOn) refers to bsp_lcd_ili9341.o(i.wrtieCmd) for wrtieCmd
    bsp_lcd_ili9341.o(i.LCD_DrawPoint) refers to bsp_lcd_ili9341.o(i.setCursor) for setCursor
    bsp_lcd_ili9341.o(i.LCD_DrawPoint) refers to bsp_lcd_ili9341.o(i.writeData) for writeData
    bsp_lcd_ili9341.o(i.LCD_Fill) refers to bsp_lcd_ili9341.o(i.setCursor) for setCursor
    bsp_lcd_ili9341.o(i.LCD_Fill) refers to bsp_lcd_ili9341.o(i.writeData) for writeData
    bsp_lcd_ili9341.o(i.LCD_GUI) refers to bsp_lcd_ili9341.o(i.LCD_Fill) for LCD_Fill
    bsp_lcd_ili9341.o(i.LCD_GUI) refers to bsp_lcd_ili9341.o(i.LCD_Line) for LCD_Line
    bsp_lcd_ili9341.o(i.LCD_GUI) refers to bsp_lcd_ili9341.o(i.LCD_String) for LCD_String
    bsp_lcd_ili9341.o(i.LCD_GUI) refers to printfa.o(i.__0sprintf) for __2sprintf
    bsp_lcd_ili9341.o(i.LCD_GUI) refers to bsp_lcd_ili9341.o(.bss) for xLCD
    bsp_lcd_ili9341.o(i.LCD_GUI) refers to bsp_w25qxx.o(.bss) for xW25Qxx
    bsp_lcd_ili9341.o(i.LCD_GUI) refers to bsp_usart.o(.bss) for xUSART
    bsp_lcd_ili9341.o(i.LCD_GUI) refers to system_stm32f10x.o(.data) for SystemCoreClock
    bsp_lcd_ili9341.o(i.LCD_GetPoint) refers to bsp_lcd_ili9341.o(i.setCursor) for setCursor
    bsp_lcd_ili9341.o(i.LCD_GetPoint) refers to bsp_lcd_ili9341.o(i.wrtieCmd) for wrtieCmd
    bsp_lcd_ili9341.o(i.LCD_GetPoint) refers to bsp_lcd_ili9341.o(i.readData) for readData
    bsp_lcd_ili9341.o(i.LCD_Init) refers to bsp_lcd_ili9341.o(i.gpioConfig) for gpioConfig
    bsp_lcd_ili9341.o(i.LCD_Init) refers to bsp_lcd_ili9341.o(i.fsmcConfig) for fsmcConfig
    bsp_lcd_ili9341.o(i.LCD_Init) refers to bsp_lcd_ili9341.o(i.ili9341RegConfig) for ili9341RegConfig
    bsp_lcd_ili9341.o(i.LCD_Line) refers to bsp_lcd_ili9341.o(i.LCD_DrawPoint) for LCD_DrawPoint
    bsp_lcd_ili9341.o(i.LCD_Rectangle) refers to bsp_lcd_ili9341.o(i.LCD_Fill) for LCD_Fill
    bsp_lcd_ili9341.o(i.LCD_Rectangle) refers to bsp_lcd_ili9341.o(i.LCD_Line) for LCD_Line
[...]
    Removing stm32f10x_flash.o(i.FLASH_GetFlagStatus), (48 bytes).
    Removing stm32f10x_flash.o(i.FLASH_GetPrefetchBufferStatus), (24 bytes).
    Removing stm32f10x_flash.o(i.FLASH_GetReadOutProtectionStatus), (24 bytes).
    Removing stm32f10x_flash.o(i.FLASH_GetStatus), (52 bytes).
    Removing stm32f10x_flash.o(i.FLASH_GetUserOptionByte), (12 bytes).
    Removing stm32f10x_flash.o(i.FLASH_GetWriteProtectionOptionByte), (12 bytes).
    Removing stm32f10x_flash.o(i.FLASH_HalfCycleAccessCmd), (28 bytes).
    Removing stm32f10x_flash.o(i.FLASH_ITConfig), (32 bytes).
    Removing stm32f10x_flash.o(i.FLASH_Lock), (20 bytes).
    Removing stm32f10x_flash.o(i.FLASH_LockBank1), (20 bytes).
    Removing stm32f10x_flash.o(i.FLASH_PrefetchBufferCmd), (28 bytes).
    Removing stm32f10x_flash.o(i.FLASH_ProgramHalfWord), (64 bytes).
    Removing stm32f10x_flash.o(i.FLASH_ProgramOptionByteData), (84 bytes).
    Removing stm32f10x_flash.o(i.FLASH_ProgramWord), (108 bytes).
    Removing stm32f10x_flash.o(i.FLASH_ReadOutProtection), (172 bytes).
    Removing stm32f10x_flash.o(i.FLASH_SetLatency), (24 bytes).
    Removing stm32f10x_flash.o(i.FLASH_Unlock), (24 bytes).
    Removing stm32f10x_flash.o(i.FLASH_UnlockBank1), (24 bytes).
    Removing stm32f10x_flash.o(i.FLASH_UserOptionByteConfig), (104 bytes).
    Removing stm32f10x_flash.o(i.FLASH_WaitForLastBank1Operation), (38 bytes).
    Removing stm32f10x_flash.o(i.FLASH_WaitForLastOperation), (38 bytes).
    Removing stm32f10x_fsmc.o(i.FSMC_ClearFlag), (64 bytes).
    Removing stm32f10x_fsmc.o(i.FSMC_ClearITPendingBit), (72 bytes).
    Removing stm32f10x_fsmc.o(i.FSMC_GetECC), (28 bytes).
    Removing stm32f10x_fsmc.o(i.FSMC_GetFlagStatus), (56 bytes).
    Removing stm32f10x_fsmc.o(i.FSMC_GetITStatus), (68 bytes).
    Removing stm32f10x_fsmc.o(i.FSMC_ITConfig), (128 bytes).
    Removing stm32f10x_fsmc.o(i.FSMC_NANDCmd), (92 bytes).
    Removing stm32f10x_fsmc.o(i.FSMC_NANDDeInit), (68 bytes).
    Removing stm32f10x_fsmc.o(i.FSMC_NANDECCCmd), (92 bytes).
    Removing stm32f10x_fsmc.o(i.FSMC_NANDInit), (136 bytes).
    Removing stm32f10x_fsmc.o(i.FSMC_NANDStructInit), (54 bytes).
    Removing stm32f10x_fsmc.o(i.FSMC_NORSRAMCmd), (52 bytes).
    Removing stm32f10x_fsmc.o(i.FSMC_NORSRAMDeInit), (54 bytes).
    Removing stm32f10x_fsmc.o(i.FSMC_NORSRAMInit), (230 bytes).
    Removing stm32f10x_fsmc.o(i.FSMC_NORSRAMStructInit), (114 bytes).
    Removing stm32f10x_fsmc.o(i.FSMC_PCCARDCmd), (48 bytes).
    Removing stm32f10x_fsmc.o(i.FSMC_PCCARDDeInit), (40 bytes).
    Removing stm32f10x_fsmc.o(i.FSMC_PCCARDInit), (132 bytes).
    Removing stm32f10x_fsmc.o(i.FSMC_PCCARDStructInit), (60 bytes).
    Removing stm32f10x_gpio.o(i.GPIO_AFIODeInit), (20 bytes).
    Removing stm32f10x_gpio.o(i.GPIO_DeInit), (200 bytes).
    Removing stm32f10x_gpio.o(i.GPIO_ETH_MediaInterfaceConfig), (12 bytes).
    Removing stm32f10x_gpio.o(i.GPIO_EXTILineConfig), (64 bytes).
    Removing stm32f10x_gpio.o(i.GPIO_EventOutputCmd), (12 bytes).
    Removing stm32f10x_gpio.o(i.GPIO_EventOutputConfig), (32 bytes).
    Removing stm32f10x_gpio.o(i.GPIO_PinLockConfig), (18 bytes).
    Removing stm32f10x_gpio.o(i.GPIO_PinRemapConfig), (144 bytes).
    Removing stm32f10x_gpio.o(i.GPIO_ReadInputData), (8 bytes).
    Removing stm32f10x_gpio.o(i.GPIO_ReadInputDataBit), (18 bytes).
    Removing stm32f10x_gpio.o(i.GPIO_ReadOutputData), (8 bytes).
    Removing stm32f10x_gpio.o(i.GPIO_ReadOutputDataBit), (18 bytes).
    Removing stm32f10x_gpio.o(i.GPIO_ResetBits), (4 bytes).
    Removing stm32f10x_gpio.o(i.GPIO_SetBits), (4 bytes).
    Removing stm32f10x_gpio.o(i.GPIO_StructInit), (16 bytes).
    Removing stm32f10x_gpio.o(i.GPIO_Write), (4 bytes).
    Removing stm32f10x_gpio.o(i.GPIO_WriteBit), (10 bytes).
    Removing stm32f10x_i2c.o(i.I2C_ARPCmd), (24 bytes).
    Removing stm32f10x_i2c.o(i.I2C_AcknowledgeConfig), (24 bytes).
    Removing stm32f10x_i2c.o(i.I2C_CalculatePEC), (24 bytes).
    Removing stm32f10x_i2c.o(i.I2C_CheckEvent), (42 bytes).
    Removing stm32f10x_i2c.o(i.I2C_ClearFlag), (12 bytes).
    Removing stm32f10x_i2c.o(i.I2C_ClearITPendingBit), (12 bytes).
    Removing stm32f10x_i2c.o(i.I2C_Cmd), (24 bytes).
    Removing stm32f10x_i2c.o(i.I2C_DMACmd), (24 bytes).
    Removing stm32f10x_i2c.o(i.I2C_DMALastTransferCmd), (24 bytes).
    Removing stm32f10x_i2c.o(i.I2C_DeInit), (56 bytes).
    Removing stm32f10x_i2c.o(i.I2C_DualAddressCmd), (24 bytes).
    Removing stm32f10x_i2c.o(i.I2C_FastModeDutyCycleConfig), (28 bytes).
    Removing stm32f10x_i2c.o(i.I2C_GeneralCallCmd), (24 bytes).
    Removing stm32f10x_i2c.o(i.I2C_GenerateSTART), (24 bytes).
    Removing stm32f10x_i2c.o(i.I2C_GenerateSTOP), (24 bytes).
    Removing stm32f10x_i2c.o(i.I2C_GetFlagStatus), (58 bytes).
    Removing stm32f10x_i2c.o(i.I2C_GetITStatus), (38 bytes).
    Removing stm32f10x_i2c.o(i.I2C_GetLastEvent), (26 bytes).
    Removing stm32f10x_i2c.o(i.I2C_GetPEC), (8 bytes).
    Removing stm32f10x_i2c.o(i.I2C_ITConfig), (18 bytes).
    Removing stm32f10x_i2c.o(i.I2C_Init), (236 bytes).
    Removing stm32f10x_i2c.o(i.I2C_NACKPositionConfig), (28 bytes).
    Removing stm32f10x_i2c.o(i.I2C_OwnAddress2Config), (22 bytes).
    Removing stm32f10x_i2c.o(i.I2C_PECPositionConfig), (28 bytes).
    Removing stm32f10x_i2c.o(i.I2C_ReadRegister), (22 bytes).
    Removing stm32f10x_i2c.o(i.I2C_ReceiveData), (8 bytes).
    Removing stm32f10x_i2c.o(i.I2C_SMBusAlertConfig), (28 bytes).
    Removing stm32f10x_i2c.o(i.I2C_Send7bitAddress), (18 bytes).
    Removing stm32f10x_i2c.o(i.I2C_SendData), (4 bytes).
    Removing stm32f10x_i2c.o(i.I2C_SoftwareResetCmd), (22 bytes).
    Removing stm32f10x_i2c.o(i.I2C_StretchClockCmd), (24 bytes).
    Removing stm32f10x_i2c.o(i.I2C_StructInit), (30 bytes).
    Removing stm32f10x_i2c.o(i.I2C_TransmitPEC), (24 bytes).
    Removing stm32f10x_iwdg.o(i.IWDG_Enable), (16 bytes).
    Removing stm32f10x_iwdg.o(i.IWDG_GetFlagStatus), (24 bytes).
    Removing stm32f10x_iwdg.o(i.IWDG_ReloadCounter), (16 bytes).
    Removing stm32f10x_iwdg.o(i.IWDG_SetPrescaler), (12 bytes).
    Removing stm32f10x_iwdg.o(i.IWDG_SetReload), (12 bytes).
    Removing stm32f10x_iwdg.o(i.IWDG_WriteAccessCmd), (12 bytes).
    Removing stm32f10x_pwr.o(i.PWR_BackupAccessCmd), (12 bytes).
    Removing stm32f10x_pwr.o(i.PWR_ClearFlag), (20 bytes).
    Removing stm32f10x_pwr.o(i.PWR_DeInit), (22 bytes).
    Removing stm32f10x_pwr.o(i.PWR_EnterSTANDBYMode), (52 bytes).
    Removing stm32f10x_pwr.o(i.PWR_EnterSTOPMode), (64 bytes).
    Removing stm32f10x_pwr.o(i.PWR_GetFlagStatus), (24 bytes).
    Removing stm32f10x_pwr.o(i.PWR_PVDCmd), (12 bytes).
    Removing stm32f10x_pwr.o(i.PWR_PVDLevelConfig), (24 bytes).
    Removing stm32f10x_pwr.o(i.PWR_WakeUpPinCmd), (12 bytes).
    Removing stm32f10x_rcc.o(i.RCC_ADCCLKConfig), (24 bytes).
    Removing stm32f10x_rcc.o(i.RCC_AHBPeriphClockCmd), (32 bytes).
    Removing stm32f10x_rcc.o(i.RCC_AdjustHSICalibrationValue), (24 bytes).
    Removing stm32f10x_rcc.o(i.RCC_BackupResetCmd), (12 bytes).
    Removing stm32f10x_rcc.o(i.RCC_ClearFlag), (20 bytes).
    Removing stm32f10x_rcc.o(i.RCC_ClearITPendingBit), (12 bytes).
    Removing stm32f10x_rcc.o(i.RCC_ClockSecuritySystemCmd), (12 bytes).
    Removing stm32f10x_rcc.o(i.RCC_DeInit), (76 bytes).
    Removing stm32f10x_rcc.o(i.RCC_GetFlagStatus), (60 bytes).
    Removing stm32f10x_rcc.o(i.RCC_GetITStatus), (24 bytes).
    Removing stm32f10x_rcc.o(i.RCC_GetSYSCLKSource), (16 bytes).
    Removing stm32f10x_rcc.o(i.RCC_HCLKConfig), (24 bytes).
    Removing stm32f10x_rcc.o(i.RCC_HSEConfig), (76 bytes).
    Removing stm32f10x_rcc.o(i.RCC_HSICmd), (12 bytes).
    Removing stm32f10x_rcc.o(i.RCC_ITConfig), (32 bytes).
    Removing stm32f10x_rcc.o(i.RCC_LSEConfig), (52 bytes).
    Removing stm32f10x_rcc.o(i.RCC_LSICmd), (12 bytes).
    Removing stm32f10x_rcc.o(i.RCC_MCOConfig), (12 bytes).
    Removing stm32f10x_rcc.o(i.RCC_PCLK1Config), (24 bytes).
    Removing stm32f10x_rcc.o(i.RCC_PCLK2Config), (24 bytes).
    Removing stm32f10x_rcc.o(i.RCC_PLLCmd), (12 bytes).
    Removing stm32f10x_rcc.o(i.RCC_PLLConfig), (28 bytes).
    Removing stm32f10x_rcc.o(i.RCC_RTCCLKCmd), (12 bytes).
    Removing stm32f10x_rcc.o(i.RCC_RTCCLKConfig), (16 bytes).
    Removing stm32f10x_rcc.o(i.RCC_SYSCLKConfig), (24 bytes).
    Removing stm32f10x_rcc.o(i.RCC_USBCLKConfig), (12 bytes).
    Removing stm32f10x_rcc.o(i.RCC_WaitForHSEStartUp), (56 bytes).
    Removing stm32f10x_rtc.o(i.RTC_ClearFlag), (16 bytes).
    Removing stm32f10x_rtc.o(i.RTC_ClearITPendingBit), (16 bytes).
    Removing stm32f10x_rtc.o(i.RTC_EnterConfigMode), (20 bytes).
    Removing stm32f10x_rtc.o(i.RTC_ExitConfigMode), (20 bytes).
    Removing stm32f10x_rtc.o(i.RTC_GetCounter), (20 bytes).
    Removing stm32f10x_rtc.o(i.RTC_GetDivider), (24 bytes).
    Removing stm32f10x_rtc.o(i.RTC_GetFlagStatus), (24 bytes).
    Removing stm32f10x_rtc.o(i.RTC_GetITStatus), (36 bytes).
    Removing stm32f10x_rtc.o(i.RTC_ITConfig), (32 bytes).
    Removing stm32f10x_rtc.o(i.RTC_SetAlarm), (28 bytes).
    Removing stm32f10x_rtc.o(i.RTC_SetCounter), (28 bytes).
    Removing stm32f10x_rtc.o(i.RTC_SetPrescaler), (32 bytes).
    Removing stm32f10x_rtc.o(i.RTC_WaitForLastTask), (20 bytes).
    Removing stm32f10x_rtc.o(i.RTC_WaitForSynchro), (36 bytes).
    Removing stm32f10x_sdio.o(i.SDIO_CEATAITCmd), (16 bytes).
    Removing stm32f10x_sdio.o(i.SDIO_ClearFlag), (12 bytes).
    Removing stm32f10x_sdio.o(i.SDIO_ClearITPendingBit), (12 bytes).
    Removing stm32f10x_sdio.o(i.SDIO_ClockCmd), (12 bytes).
    Removing stm32f10x_sdio.o(i.SDIO_CmdStructInit), (14 bytes).
    Removing stm32f10x_sdio.o(i.SDIO_CommandCompletionCmd), (12 bytes).
    Removing stm32f10x_sdio.o(i.SDIO_DMACmd), (12 bytes).
    Removing stm32f10x_sdio.o(i.SDIO_DataConfig), (48 bytes).
    Removing stm32f10x_sdio.o(i.SDIO_DataStructInit), (20 bytes).
    Removing stm32f10x_sdio.o(i.SDIO_DeInit), (36 bytes).
    Removing stm32f10x_sdio.o(i.SDIO_GetCommandResponse), (12 bytes).
    Removing stm32f10x_sdio.o(i.SDIO_GetDataCounter), (12 bytes).
    Removing stm32f10x_sdio.o(i.SDIO_GetFIFOCount), (12 bytes).
    Removing stm32f10x_sdio.o(i.SDIO_GetFlagStatus), (24 bytes).
    Removing stm32f10x_sdio.o(i.SDIO_GetITStatus), (24 bytes).
    Removing stm32f10x_sdio.o(i.SDIO_GetPowerState), (16 bytes).
    Removing stm32f10x_sdio.o(i.SDIO_GetResponse), (24 bytes).
    Removing stm32f10x_sdio.o(i.SDIO_ITConfig), (32 bytes).
    Removing stm32f10x_sdio.o(i.SDIO_Init), (48 bytes).
    Removing stm32f10x_sdio.o(i.SDIO_ReadData), (12 bytes).
    Removing stm32f10x_sdio.o(i.SDIO_SendCEATACmd), (12 bytes).
    Removing stm32f10x_sdio.o(i.SDIO_SendCommand), (44 bytes).
    Removing stm32f10x_sdio.o(i.SDIO_SendSDIOSuspendCmd), (12 bytes).
    Removing stm32f10x_sdio.o(i.SDIO_SetPowerState), (28 bytes).
    Removing stm32f10x_sdio.o(i.SDIO_SetSDIOOperation), (12 bytes).
    Removing stm32f10x_sdio.o(i.SDIO_SetSDIOReadWaitMode), (12 bytes).
    Removing stm32f10x_sdio.o(i.SDIO_StartSDIOReadWait), (12 bytes).
    Removing stm32f10x_sdio.o(i.SDIO_StopSDIOReadWait), (12 bytes).
    Removing stm32f10x_sdio.o(i.SDIO_StructInit), (16 bytes).
    Removing stm32f10x_sdio.o(i.SDIO_WriteData), (12 bytes).
    Removing stm32f10x_spi.o(i.I2S_Cmd), (24 bytes).
    Removing stm32f10x_spi.o(i.I2S_Init), (232 bytes).
    Removing stm32f10x_spi.o(i.I2S_StructInit), (20 bytes).
    Removing stm32f10x_spi.o(i.SPI_BiDirectionalLineConfig), (28 bytes).
    Removing stm32f10x_spi.o(i.SPI_CalculateCRC), (24 bytes).
    Removing stm32f10x_spi.o(i.SPI_Cmd), (24 bytes).
    Removing stm32f10x_spi.o(i.SPI_DataSizeConfig), (18 bytes).
    Removing stm32f10x_spi.o(i.SPI_GetCRC), (16 bytes).
    Removing stm32f10x_spi.o(i.SPI_GetCRCPolynomial), (6 bytes).
    Removing stm32f10x_spi.o(i.SPI_I2S_ClearFlag), (6 bytes).
    Removing stm32f10x_spi.o(i.SPI_I2S_ClearITPendingBit), (20 bytes).
    Removing stm32f10x_spi.o(i.SPI_I2S_DMACmd), (18 bytes).
    Removing stm32f10x_spi.o(i.SPI_I2S_DeInit), (88 bytes).
    Removing stm32f10x_spi.o(i.SPI_I2S_GetFlagStatus), (18 bytes).
    Removing stm32f10x_spi.o(i.SPI_I2S_GetITStatus), (52 bytes).
    Removing stm32f10x_spi.o(i.SPI_I2S_ITConfig), (32 bytes).
    Removing stm32f10x_spi.o(i.SPI_I2S_ReceiveData), (6 bytes).
    Removing stm32f10x_spi.o(i.SPI_I2S_SendData), (4 bytes).
    Removing stm32f10x_spi.o(i.SPI_Init), (60 bytes).
    Removing stm32f10x_spi.o(i.SPI_NSSInternalSoftwareConfig), (30 bytes).
    Removing stm32f10x_spi.o(i.SPI_SSOutputCmd), (24 bytes).
    Removing stm32f10x_spi.o(i.SPI_StructInit), (24 bytes).
    Removing stm32f10x_spi.o(i.SPI_TransmitCRC), (10 bytes).
    Removing stm32f10x_tim.o(i.TI1_Config), (128 bytes).
    Removing stm32f10x_tim.o(i.TI2_Config), (152 bytes).
    Removing stm32f10x_tim.o(i.TI3_Config), (144 bytes).
    Removing stm32f10x_tim.o(i.TI4_Config), (152 bytes).
    Removing stm32f10x_tim.o(i.TIM_ARRPreloadConfig), (24 bytes).
    Removing stm32f10x_tim.o(i.TIM_BDTRConfig), (32 bytes).
    Removing stm32f10x_tim.o(i.TIM_BDTRStructInit), (18 bytes).
    Removing stm32f10x_tim.o(i.TIM_CCPreloadControl), (24 bytes).
    Removing stm32f10x_tim.o(i.TIM_CCxCmd), (30 bytes).
    Removing stm32f10x_tim.o(i.TIM_CCxNCmd), (30 bytes).
    Removing stm32f10x_tim.o(i.TIM_ClearFlag), (6 bytes).
    Removing stm32f10x_tim.o(i.TIM_ClearOC1Ref), (18 bytes).
    Removing stm32f10x_tim.o(i.TIM_ClearOC2Ref), (24 bytes).
    Removing stm32f10x_tim.o(i.TIM_ClearOC3Ref), (18 bytes).
    Removing stm32f10x_tim.o(i.TIM_ClearOC4Ref), (24 bytes).
    Removing stm32f10x_tim.o(i.TIM_CounterModeConfig), (18 bytes).
    Removing stm32f10x_tim.o(i.TIM_CtrlPWMOutputs), (30 bytes).
    Removing stm32f10x_tim.o(i.TIM_DMACmd), (18 bytes).
    Removing stm32f10x_tim.o(i.TIM_DMAConfig), (10 bytes).
    Removing stm32f10x_tim.o(i.TIM_DeInit), (488 bytes).
    Removing stm32f10x_tim.o(i.TIM_ETRClockMode1Config), (54 bytes).
    Removing stm32f10x_tim.o(i.TIM_ETRClockMode2Config), (32 bytes).
    Removing stm32f10x_tim.o(i.TIM_ETRConfig), (28 bytes).
    Removing stm32f10x_tim.o(i.TIM_EncoderInterfaceConfig), (66 bytes).
    Removing stm32f10x_tim.o(i.TIM_ForcedOC1Config), (18 bytes).
    Removing stm32f10x_tim.o(i.TIM_ForcedOC2Config), (26 bytes).
    Removing stm32f10x_tim.o(i.TIM_ForcedOC3Config), (18 bytes).
    Removing stm32f10x_tim.o(i.TIM_ForcedOC4Config), (26 bytes).
    Removing stm32f10x_tim.o(i.TIM_GenerateEvent), (4 bytes).
    Removing stm32f10x_tim.o(i.TIM_GetCapture1), (6 bytes).
    Removing stm32f10x_tim.o(i.TIM_GetCapture2), (6 bytes).
    Removing stm32f10x_tim.o(i.TIM_GetCapture3), (6 bytes).
    Removing stm32f10x_tim.o(i.TIM_GetCapture4), (8 bytes).
    Removing stm32f10x_tim.o(i.TIM_GetCounter), (6 bytes).
    Removing stm32f10x_tim.o(i.TIM_GetFlagStatus), (18 bytes).
    Removing stm32f10x_tim.o(i.TIM_GetPrescaler), (6 bytes).
    Removing stm32f10x_tim.o(i.TIM_ICInit), (172 bytes).
    Removing stm32f10x_tim.o(i.TIM_ICStructInit), (18 bytes).
    Removing stm32f10x_tim.o(i.TIM_ITRxExternalClockConfig), (24 bytes).
    Removing stm32f10x_tim.o(i.TIM_InternalClockConfig), (12 bytes).
    Removing stm32f10x_tim.o(i.TIM_OC1FastConfig), (18 bytes).
    Removing stm32f10x_tim.o(i.TIM_OC1Init), (152 bytes).
    Removing stm32f10x_tim.o(i.TIM_OC1NPolarityConfig), (18 bytes).
    Removing stm32f10x_tim.o(i.TIM_OC1PolarityConfig), (18 bytes).
    Removing stm32f10x_tim.o(i.TIM_OC1PreloadConfig), (18 bytes).
    Removing stm32f10x_tim.o(i.TIM_OC2FastConfig), (26 bytes).
    Removing stm32f10x_tim.o(i.TIM_OC2Init), (164 bytes).
    Removing stm32f10x_tim.o(i.TIM_OC2NPolarityConfig), (26 bytes).
    Removing stm32f10x_tim.o(i.TIM_OC2PolarityConfig), (26 bytes).
    Removing stm32f10x_tim.o(i.TIM_OC2PreloadConfig), (26 bytes).
    Removing stm32f10x_tim.o(i.TIM_OC3FastConfig), (18 bytes).
    Removing stm32f10x_tim.o(i.TIM_OC3Init), (160 bytes).
    Removing stm32f10x_tim.o(i.TIM_OC3NPolarityConfig), (26 bytes).
    Removing stm32f10x_tim.o(i.TIM_OC3PolarityConfig), (26 bytes).
    Removing stm32f10x_tim.o(i.TIM_OC3PreloadConfig), (18 bytes).
    Removing stm32f10x_tim.o(i.TIM_OC4FastConfig), (26 bytes).
    Removing stm32f10x_tim.o(i.TIM_OC4Init), (124 bytes).
    Removing stm32f10x_tim.o(i.TIM_OC4PolarityConfig), (26 bytes).
    Removing stm32f10x_tim.o(i.TIM_OC4PreloadConfig), (26 bytes).
    Removing stm32f10x_tim.o(i.TIM_OCStructInit), (20 bytes).
    Removing stm32f10x_tim.o(i.TIM_PWMIConfig), (124 bytes).
    Removing stm32f10x_tim.o(i.TIM_PrescalerConfig), (6 bytes).
    Removing stm32f10x_tim.o(i.TIM_SelectCCDMA), (24 bytes).
    Removing stm32f10x_tim.o(i.TIM_SelectCOM), (24 bytes).
    Removing stm32f10x_tim.o(i.TIM_SelectHallSensor), (24 bytes).
    Removing stm32f10x_tim.o(i.TIM_SelectInputTrigger), (18 bytes).
    Removing stm32f10x_tim.o(i.TIM_SelectMasterSlaveMode), (18 bytes).
    Removing stm32f10x_tim.o(i.TIM_SelectOCxM), (82 bytes).
    Removing stm32f10x_tim.o(i.TIM_SelectOnePulseMode), (18 bytes).
    Removing stm32f10x_tim.o(i.TIM_SelectOutputTrigger), (18 bytes).
    Removing stm32f10x_tim.o(i.TIM_SelectSlaveMode), (18 bytes).
    Removing stm32f10x_tim.o(i.TIM_SetAutoreload), (4 bytes).
    Removing stm32f10x_tim.o(i.TIM_SetClockDivision), (18 bytes).
    Removing stm32f10x_tim.o(i.TIM_SetCompare1), (4 bytes).
    Removing stm32f10x_tim.o(i.TIM_SetCompare2), (4 bytes).
    Removing stm32f10x_tim.o(i.TIM_SetCompare3), (4 bytes).
    Removing stm32f10x_tim.o(i.TIM_SetCompare4), (6 bytes).
    Removing stm32f10x_tim.o(i.TIM_SetCounter), (4 bytes).
    Removing stm32f10x_tim.o(i.TIM_SetIC1Prescaler), (18 bytes).
    Removing stm32f10x_tim.o(i.TIM_SetIC2Prescaler), (26 bytes).
    Removing stm32f10x_tim.o(i.TIM_SetIC3Prescaler), (18 bytes).
    Removing stm32f10x_tim.o(i.TIM_SetIC4Prescaler), (26 bytes).
    Removing stm32f10x_tim.o(i.TIM_TIxExternalClockConfig), (62 bytes).
    Removing stm32f10x_tim.o(i.TIM_TimeBaseStructInit), (18 bytes).
    Removing stm32f10x_tim.o(i.TIM_UpdateDisableConfig), (24 bytes).
    Removing stm32f10x_tim.o(i.TIM_UpdateRequestConfig), (24 bytes).
    Removing stm32f10x_usart.o(i.USART_ClearFlag), (18 bytes).
    Removing stm32f10x_usart.o(i.USART_ClearITPendingBit), (30 bytes).
    Removing stm32f10x_usart.o(i.USART_ClockInit), (34 bytes).
    Removing stm32f10x_usart.o(i.USART_ClockStructInit), (12 bytes).
    Removing stm32f10x_usart.o(i.USART_DMACmd), (18 bytes).
    Removing stm32f10x_usart.o(i.USART_GetFlagStatus), (26 bytes).
    Removing stm32f10x_usart.o(i.USART_GetITStatus), (84 bytes).
    Removing stm32f10x_usart.o(i.USART_HalfDuplexCmd), (24 bytes).
    Removing stm32f10x_usart.o(i.USART_IrDACmd), (24 bytes).
    Removing stm32f10x_usart.o(i.USART_IrDAConfig), (18 bytes).
    Removing stm32f10x_usart.o(i.USART_LINBreakDetectLengthConfig), (18 bytes).
    Removing stm32f10x_usart.o(i.USART_LINCmd), (24 bytes).
    Removing stm32f10x_usart.o(i.USART_OneBitMethodCmd), (24 bytes).
    Removing stm32f10x_usart.o(i.USART_OverSampling8Cmd), (22 bytes).
    Removing stm32f10x_usart.o(i.USART_ReceiveData), (10 bytes).
    Removing stm32f10x_usart.o(i.USART_ReceiverWakeUpCmd), (24 bytes).
    Removing stm32f10x_usart.o(i.USART_SendBreak), (10 bytes).
    Removing stm32f10x_usart.o(i.USART_SendData), (8 bytes).
    Removing stm32f10x_usart.o(i.USART_SetAddress), (18 bytes).
    Removing stm32f10x_usart.o(i.USART_SetGuardTime), (16 bytes).
    Removing stm32f10x_usart.o(i.USART_SetPrescaler), (16 bytes).
    Removing stm32f10x_usart.o(i.USART_SmartCardCmd), (24 bytes).
    Removing stm32f10x_usart.o(i.USART_SmartCardNACKCmd), (24 bytes).
    Removing stm32f10x_usart.o(i.USART_StructInit), (24 bytes).
    Removing stm32f10x_usart.o(i.USART_WakeUpConfig), (18 bytes).
    Removing stm32f10x_wwdg.o(i.WWDG_ClearFlag), (12 bytes).
    Removing stm32f10x_wwdg.o(i.WWDG_DeInit), (22 bytes).
    Removing stm32f10x_wwdg.o(i.WWDG_Enable), (16 bytes).
    Removing stm32f10x_wwdg.o(i.WWDG_EnableIT), (12 bytes).
    Removing stm32f10x_wwdg.o(i.WWDG_GetFlagStatus), (12 bytes).
    Removing stm32f10x_wwdg.o(i.WWDG_SetCounter), (16 bytes).
    Removing stm32f10x_wwdg.o(i.WWDG_SetPrescaler), (24 bytes).
    Removing stm32f10x_wwdg.o(i.WWDG_SetWindowValue), (40 bytes).

511 unused section(s) (total 26726 bytes) removed from the image.

==============================================================================

Image Symbol Table

    Local Symbols

    Symbol Name                              Value     Ov Type        Size  Object(Section)

    ../clib/microlib/division.c              0x00000000   Number         0  uldiv.o ABSOLUTE
    ../clib/microlib/division.c              0x00000000   Number         0  uidiv.o ABSOLUTE
    ../clib/microlib/init/entry.s            0x00000000   Number         0  entry2.o ABSOLUTE
    ../clib/microlib/init/entry.s            0x00000000   Number         0  entry7a.o ABSOLUTE
    ../clib/microlib/init/entry.s            0x00000000   Number         0  entry.o ABSOLUTE
    ../clib/microlib/init/entry.s            0x00000000   Number         0  entry8a.o ABSOLUTE
    ../clib/microlib/init/entry.s            0x00000000   Number         0  entry8b.o ABSOLUTE
    ../clib/microlib/init/entry.s            0x00000000   Number         0  entry9a.o ABSOLUTE
    ../clib/microlib/init/entry.s            0x00000000   Number         0  entry7b.o ABSOLUTE
    ../clib/microlib/init/entry.s            0x00000000   Number         0  entry9b.o ABSOLUTE
    ../clib/microlib/init/entry.s            0x00000000   Number         0  entry5.o ABSOLUTE
    ../clib/microlib/init/entry.s            0x00000000   Number         0  entry10a.o ABSOLUTE
    ../clib/microlib/init/entry.s            0x00000000   Number         0  entry10b.o ABSOLUTE
    ../clib/microlib/init/entry.s            0x00000000   Number         0  entry11a.o ABSOLUTE
    ../clib/microlib/init/entry.s            0x00000000   Number         0  entry11b.o ABSOLUTE
    ../clib/microlib/longlong.c              0x00000000   Number         0  llshl.o ABSOLUTE
    ../clib/microlib/longlong.c              0x00000000   Number         0  llsshr.o ABSOLUTE
    ../clib/microlib/longlong.c              0x00000000   Number         0  llushr.o ABSOLUTE
    ../clib/microlib/printf/printf.c         0x00000000   Number         0  printf2.o ABSOLUTE
    ../clib/microlib/printf/printf.c         0x00000000   Number         0  printf1.o ABSOLUTE
    ../clib/microlib/printf/printf.c         0x00000000   Number         0  printf0.o ABSOLUTE
    ../clib/microlib/printf/printf.c         0x00000000   Number         0  printfb.o ABSOLUTE
    ../clib/microlib/printf/printf.c         0x00000000   Number         0  printfa.o ABSOLUTE
    ../clib/microlib/printf/printf.c         0x00000000   Number         0  printf8.o ABSOLUTE
    ../clib/microlib/printf/printf.c         0x00000000   Number         0  printf7.o ABSOLUTE
    ../clib/microlib/printf/printf.c         0x00000000   Number         0  printf6.o ABSOLUTE
    ../clib/microlib/printf/printf.c         0x00000000   Number         0  printf5.o ABSOLUTE
    ../clib/microlib/printf/printf.c         0x00000000   Number         0  printf3.o ABSOLUTE
    ../clib/microlib/printf/printf.c         0x00000000   Number         0  printf4.o ABSOLUTE
    ../clib/microlib/printf/stubs.s          0x00000000   Number         0  stubs.o ABSOLUTE
    ../clib/microlib/string/memcpy.c         0x00000000   Number         0  memcpyb.o ABSOLUTE
    ../clib/microlib/string/memcpy.c         0x00000000   Number         0  memcpya.o ABSOLUTE
    ../clib/microlib/string/memset.c         0x00000000   Number         0  memseta.o ABSOLUTE
    ../clib/microlib/stubs.s                 0x00000000   Number         0  useno.o ABSOLUTE
    ../clib/microlib/stubs.s                 0x00000000   Number         0  iusefp.o ABSOLUTE
    ../fplib/microlib/d2f.c                  0x00000000   Number         0  d2f.o ABSOLUTE
    ../fplib/microlib/f2d.c                  0x00000000   Number         0  f2d.o ABSOLUTE
    ../fplib/microlib/fpadd.c                0x00000000   Number         0  fadd.o ABSOLUTE
    ../fplib/microlib/fpadd.c                0x00000000   Number         0  dadd.o ABSOLUTE
    ../fplib/microlib/fpdiv.c                0x00000000   Number         0  ddiv.o ABSOLUTE
    ../fplib/microlib/fpepilogue.c           0x00000000   Number         0  fepilogue.o ABSOLUTE
    ../fplib/microlib/fpepilogue.c           0x00000000   Number         0  depilogue.o ABSOLUTE
    ../fplib/microlib/fpfix.c                0x00000000   Number         0  dfixul.o ABSOLUTE
    ../fplib/microlib/fpfix.c                0x00000000   Number         0  ffixui.o ABSOLUTE
    ../fplib/microlib/fpflt.c                0x00000000   Number         0  ffltui.o ABSOLUTE
    ../fplib/microlib/fpmul.c                0x00000000   Number         0  fmul.o ABSOLUTE
    ../fplib/microlib/fpmul.c                0x00000000   Number         0  dmul.o ABSOLUTE
    ..\Libraries\CMSIS\core_cm3.c            0x00000000   Number         0  core_cm3.o ABSOLUTE
    ..\Libraries\CMSIS\startup\startup_stm32f10x_hd.s 0x00000000   Number         0  startup_stm32f10x_hd.o ABSOLUTE
    ..\Libraries\CMSIS\system_stm32f10x.c    0x00000000   Number         0  system_stm32f10x.o ABSOLUTE
    ..\Libraries\FWlib\src\misc.c            0x00000000   Number         0  misc.o ABSOLUTE
    ..\Libraries\FWlib\src\stm32f10x_adc.c   0x00000000   Number         0  stm32f10x_adc.o ABSOLUTE
    ..\Libraries\FWlib\src\stm32f10x_bkp.c   0x00000000   Number         0  stm32f10x_bkp.o ABSOLUTE
    ..\Libraries\FWlib\src\stm32f10x_can.c   0x00000000   Number         0  stm32f10x_can.o ABSOLUTE
    ..\Libraries\FWlib\src\stm32f10x_cec.c   0x00000000   Number         0  stm32f10x_cec.o ABSOLUTE
    ..\Libraries\FWlib\src\stm32f10x_crc.c   0x00000000   Number         0  stm32f10x_crc.o ABSOLUTE
    ..\Libraries\FWlib\src\stm32f10x_dac.c   0x00000000   Number         0  stm32f10x_dac.o ABSOLUTE
    ..\Libraries\FWlib\src\stm32f10x_dbgmcu.c 0x00000000   Number         0  stm32f10x_dbgmcu.o ABSOLUTE
    ..\Libraries\FWlib\src\stm32f10x_dma.c   0x00000000   Number         0  stm32f10x_dma.o ABSOLUTE
    ..\Libraries\FWlib\src\stm32f10x_exti.c  0x00000000   Number         0  stm32f10x_exti.o ABSOLUTE
    ..\Libraries\FWlib\src\stm32f10x_flash.c 0x00000000   Number         0  stm32f10x_flash.o ABSOLUTE
    ..\Libraries\FWlib\src\stm32f10x_fsmc.c  0x00000000   Number         0  stm32f10x_fsmc.o ABSOLUTE
    ..\Libraries\FWlib\src\stm32f10x_gpio.c  0x00000000   Number         0  stm32f10x_gpio.o ABSOLUTE
    ..\Libraries\FWlib\src\stm32f10x_i2c.c   0x00000000   Number         0  stm32f10x_i2c.o ABSOLUTE
    ..\Libraries\FWlib\src\stm32f10x_iwdg.c  0x00000000   Number         0  stm32f10x_iwdg.o ABSOLUTE
    ..\Libraries\FWlib\src\stm32f10x_pwr.c   0x00000000   Number         0  stm32f10x_pwr.o ABSOLUTE
    ..\Libraries\FWlib\src\stm32f10x_rcc.c   0x00000000   Number         0  stm32f10x_rcc.o ABSOLUTE
    ..\Libraries\FWlib\src\stm32f10x_rtc.c   0x00000000   Number         0  stm32f10x_rtc.o ABSOLUTE
    ..\Libraries\FWlib\src\stm32f10x_sdio.c  0x00000000   Number         0  stm32f10x_sdio.o ABSOLUTE
    ..\Libraries\FWlib\src\stm32f10x_spi.c   0x00000000   Number         0  stm32f10x_spi.o ABSOLUTE
    ..\Libraries\FWlib\src\stm32f10x_tim.c   0x00000000   Number         0  stm32f10x_tim.o ABSOLUTE
    ..\Libraries\FWlib\src\stm32f10x_usart.c 0x00000000   Number         0  stm32f10x_usart.o ABSOLUTE
    ..\Libraries\FWlib\src\stm32f10x_wwdg.c  0x00000000   Number         0  stm32f10x_wwdg.o ABSOLUTE
    ..\System\system_f103.c                  0x00000000   Number         0  system_f103.o ABSOLUTE
    ..\User\main.c                           0x00000000   Number         0  main.o ABSOLUTE
    ..\User\stm32f10x_it.c                   0x00000000   Number         0  stm32f10x_it.o ABSOLUTE
    ..\\Libraries\\CMSIS\\core_cm3.c         0x00000000   Number         0  core_cm3.o ABSOLUTE
    ..\bsp\LCD_ILI9341\bsp_lcd_ili9341.c     0x00000000   Number         0  bsp_lcd_ili9341.o ABSOLUTE
    ..\bsp\USART\bsp_usart.c                 0x00000000   Number         0  bsp_usart.o ABSOLUTE
    ..\bsp\adc\bsp_adc.c                     0x00000000   Number         0  bsp_adc.o ABSOLUTE
    ..\bsp\w25qxx\bsp_w25qxx.c               0x00000000   Number         0  bsp_w25qxx.o ABSOLUTE
    cdrcmple.s                               0x00000000   Number         0  cdrcmple.o ABSOLUTE
    cfcmple.s                                0x00000000   Number         0  cfcmple.o ABSOLUTE
    cfrcmple.s                               0x00000000   Number         0  cfrcmple.o ABSOLUTE
    dc.s                                     0x00000000   Number         0  dc.o ABSOLUTE
    handlers.s                               0x00000000   Number         0  handlers.o ABSOLUTE
    init.s                                   0x00000000   Number         0  init.o ABSOLUTE
    RESET                                    0x08000000   Section      304  startup_stm32f10x_hd.o(RESET)
    .ARM.Collect$$$$00000000                 0x08000130   Section        0  entry.o(.ARM.Collect$$$$00000000)
    .ARM.Collect$$$$00000001                 0x08000130   Section        4  entry2.o(.ARM.Collect$$$$00000001)
    .ARM.Collect$$$$00000004                 0x08000134   Section        4  entry5.o(.ARM.Collect$$$$00000004)
    .ARM.Collect$$$$00000008                 0x08000138   Section        0  entry7b.o(.ARM.Collect$$$$00000008)
    .ARM.Collect$$$$0000000A                 0x08000138   Section        0  entry8b.o(.ARM.Collect$$$$0000000A)
    .ARM.Collect$$$$0000000B                 0x08000138   Section        8  entry9a.o(.ARM.Collect$$$$0000000B)
    .ARM.Collect$$$$0000000D                 0x08000140   Section        0  entry10a.o(.ARM.Collect$$$$0000000D)
    .ARM.Collect$$$$0000000F                 0x08000140   Section        0  entry11a.o(.ARM.Collect$$$$0000000F)
    .ARM.Collect$$$$00002712                 0x08000140   Section        4  entry2.o(.ARM.Collect$$$$00002712)
    __lit__00000000                          0x08000140   Data           4  entry2.o(.ARM.Collect$$$$00002712)
    .text                                    0x08000144   Section       36  startup_stm32f10x_hd.o(.text)
    .text                                    0x08000168   Section        0  memcpya.o(.text)
    .text                                    0x0800018c   Section        0  memseta.o(.text)
    .text                                    0x080001b0   Section        0  fadd.o(.text)
    .text                                    0x08000260   Section        0  fmul.o(.text)
    .text                                    0x080002c4   Section        0  dadd.o(.text)
    .text                                    0x08000412   Section        0  ddiv.o(.text)
    .text                                    0x080004f0   Section        0  ffltui.o(.text)
    .text                                    0x080004fa   Section        0  ffixui.o(.text)
    .text                                    0x08000522   Section        0  f2d.o(.text)
    .text                                    0x08000548   Section        0  d2f.o(.text)
    .text                                    0x08000580   Section       20  cfcmple.o(.text)
    .text                                    0x08000594   Section       20  cfrcmple.o(.text)
    .text                                    0x080005a8   Section        0  uidiv.o(.text)
    .text                                    0x080005d4   Section        0  uldiv.o(.text)
    .text                                    0x08000636   Section        0  llshl.o(.text)
    .text                                    0x08000654   Section        0  llsshr.o(.text)
    .text                                    0x08000678   Section        0  fepilogue.o(.text)
    .text                                    0x08000678   Section        0  iusefp.o(.text)
    .text                                    0x080006e6   Section        0  depilogue.o(.text)
    .text                                    0x080007a0   Section        0  dmul.o(.text)
    .text                                    0x08000884   Section        0  dfixul.o(.text)
    .text                                    0x080008b4   Section       48  cdrcmple.o(.text)
    .text                                    0x080008e4   Section       36  init.o(.text)
    .text                                    0x08000908   Section        0  llushr.o(.text)
    i.ADC1_GetVoltage                        0x08000928   Section        0  bsp_adc.o(i.ADC1_GetVoltage)
    i.BusFault_Handler                       0x08000990   Section        0  stm32f10x_it.o(i.BusFault_Handler)
    i.DebugMon_Handler                       0x08000994   Section        0  stm32f10x_it.o(i.DebugMon_Handler)
    i.GPIO_Init                              0x08000996   Section        0  stm32f10x_gpio.o(i.GPIO_Init)
    i.HardFault_Handler                      0x08000aac   Section        0  stm32f10x_it.o(i.HardFault_Handler)
    i.LCD_DisplayDir                         0x08000ab0   Section        0  bsp_lcd_ili9341.o(i.LCD_DisplayDir)
    i.LCD_DrawPoint                          0x08000b14   Section        0  bsp_lcd_ili9341.o(i.LCD_DrawPoint)
    i.LCD_Fill                               0x08000b30   Section        0  bsp_lcd_ili9341.o(i.LCD_Fill)
    i.LCD_Init                               0x08000b66   Section        0  bsp_lcd_ili9341.o(i.LCD_Init)
    i.LCD_Line                               0x08000b76   Section        0  bsp_lcd_ili9341.o(i.LCD_Line)
    i.LCD_String                             0x08000c24   Section        0  bsp_lcd_ili9341.o(i.LCD_String)
    i.MapVoltageToY                          0x08000cbc   Section        0  main.o(i.MapVoltageToY)
    i.MemManage_Handler                      0x08000d24   Section        0  stm32f10x_it.o(i.MemManage_Handler)
    i.NMI_Handler                            0x08000d28   Section        0  stm32f10x_it.o(i.NMI_Handler)
    i.NVIC_Init                              0x08000d2c   Section        0  misc.o(i.NVIC_Init)
    i.PendSV_Handler                         0x08000d9c   Section        0  stm32f10x_it.o(i.PendSV_Handler)
    i.RCC_APB1PeriphClockCmd                 0x08000da0   Section        0  stm32f10x_rcc.o(i.RCC_APB1PeriphClockCmd)
    i.RCC_APB1PeriphResetCmd                 0x08000dc0   Section        0  stm32f10x_rcc.o(i.RCC_APB1PeriphResetCmd)
    i.RCC_APB2PeriphClockCmd                 0x08000de0   Section        0  stm32f10x_rcc.o(i.RCC_APB2PeriphClockCmd)
    i.RCC_APB2PeriphResetCmd                 0x08000e00   Section        0  stm32f10x_rcc.o(i.RCC_APB2PeriphResetCmd)
    i.RCC_GetClocksFreq                      0x08000e20   Section        0  stm32f10x_rcc.o(i.RCC_GetClocksFreq)
    i.SVC_Handler                            0x08000ef4   Section        0  stm32f10x_it.o(i.SVC_Handler)
    i.SysTick_Handler                        0x08000ef8   Section        0  system_f103.o(i.SysTick_Handler)
    i.SystemInit                             0x08000f10   Section        0  system_stm32f10x.o(i.SystemInit)
    i.System_SwdMode                         0x08001018   Section        0  system_f103.o(i.System_SwdMode)
    i.TIM2_IRQHandler                        0x08001044   Section        0  main.o(i.TIM2_IRQHandler)
    i.TIM2_Init                              0x080011b4   Section        0  main.o(i.TIM2_Init)
    i.TIM_ClearITPendingBit                  0x08001212   Section        0  stm32f10x_tim.o(i.TIM_ClearITPendingBit)
    i.TIM_Cmd                                0x08001218   Section        0  stm32f10x_tim.o(i.TIM_Cmd)
    i.TIM_GetITStatus                        0x08001230   Section        0  stm32f10x_tim.o(i.TIM_GetITStatus)
    i.TIM_ITConfig                           0x08001252   Section        0  stm32f10x_tim.o(i.TIM_ITConfig)
    i.TIM_TimeBaseInit                       0x08001264   Section        0  stm32f10x_tim.o(i.TIM_TimeBaseInit)
    i.UART4_IRQHandler                       0x08001308   Section        0  bsp_usart.o(i.UART4_IRQHandler)
    i.UART5_IRQHandler                       0x080013ec   Section        0  bsp_usart.o(i.UART5_IRQHandler)
    i.USART1_IRQHandler                      0x080014bc   Section        0  bsp_usart.o(i.USART1_IRQHandler)
    i.USART1_Init                            0x0800159c   Section        0  bsp_usart.o(i.USART1_Init)
    i.USART2_IRQHandler                      0x08001700   Section        0  bsp_usart.o(i.USART2_IRQHandler)
    i.USART3_IRQHandler                      0x080017e4   Section        0  bsp_usart.o(i.USART3_IRQHandler)
    i.USART_Cmd                              0x080018c8   Section        0  stm32f10x_usart.o(i.USART_Cmd)
    i.USART_DeInit                           0x080018e0   Section        0  stm32f10x_usart.o(i.USART_DeInit)
    i.USART_ITConfig                         0x0800197c   Section        0  stm32f10x_usart.o(i.USART_ITConfig)
    i.USART_Init                             0x080019c8   Section        0  stm32f10x_usart.o(i.USART_Init)
    i.UsageFault_Handler                     0x08001aa0   Section        0  stm32f10x_it.o(i.UsageFault_Handler)
    i.W25qx_Init                             0x08001aa4   Section        0  bsp_w25qxx.o(i.W25qx_Init)
    i.W25qxx_ReadBuffer                      0x08001b24   Section        0  bsp_w25qxx.o(i.W25qxx_ReadBuffer)
    i.W25qxx_ReadGBK                         0x08001b88   Section        0  bsp_w25qxx.o(i.W25qxx_ReadGBK)
    i.W25qxx_WriteBuffer                     0x08001c78   Section        0  bsp_w25qxx.o(i.W25qxx_WriteBuffer)
    i.WaitReady                              0x08001d5c   Section        0  bsp_w25qxx.o(i.WaitReady)
    WaitReady                                0x08001d5d   Thumb Code    42  bsp_w25qxx.o(i.WaitReady)
    i.__0printf                              0x08001d8c   Section        0  printfa.o(i.__0printf)
    i.__0sprintf                             0x08001dac   Section        0  printfa.o(i.__0sprintf)
    i.__scatterload_copy                     0x08001dd4   Section       14  handlers.o(i.__scatterload_copy)
    i.__scatterload_null                     0x08001de2   Section        2  handlers.o(i.__scatterload_null)
    i.__scatterload_zeroinit                 0x08001de4   Section       14  handlers.o(i.__scatterload_zeroinit)
    i._fp_digits                             0x08001df4   Section        0  printfa.o(i._fp_digits)
    _fp_digits                               0x08001df5   Thumb Code   366  printfa.o(i._fp_digits)
    i._printf_core                           0x08001f78   Section        0  printfa.o(i._printf_core)
    _printf_core                             0x08001f79   Thumb Code  1744  printfa.o(i._printf_core)
    i._printf_post_padding                   0x08002654   Section        0  printfa.o(i._printf_post_padding)
    _printf_post_padding                     0x08002655   Thumb Code    36  printfa.o(i._printf_post_padding)
    i._printf_pre_padding                    0x08002678   Section        0  printfa.o(i._printf_pre_padding)
    _printf_pre_padding                      0x08002679   Thumb Code    46  printfa.o(i._printf_pre_padding)
    i._sputc                                 0x080026a6   Section        0  printfa.o(i._sputc)
    _sputc                                   0x080026a7   Thumb Code    10  printfa.o(i._sputc)
    i.adc_GPIOInit                           0x080026b0   Section        0  bsp_adc.o(i.adc_GPIOInit)
    adc_GPIOInit                             0x080026b1   Thumb Code   224  bsp_adc.o(i.adc_GPIOInit)
    i.adc_PinConvertChannel                  0x080027b0   Section        0  bsp_adc.o(i.adc_PinConvertChannel)
    adc_PinConvertChannel                    0x080027b1   Thumb Code   230  bsp_adc.o(i.adc_PinConvertChannel)
    i.checkFlagGBKStorage                    0x080028a4   Section        0  bsp_w25qxx.o(i.checkFlagGBKStorage)
    checkFlagGBKStorage                      0x080028a5   Thumb Code    96  bsp_w25qxx.o(i.checkFlagGBKStorage)
    i.configADC1                             0x08002948   Section        0  bsp_adc.o(i.configADC1)
    configADC1                               0x08002949   Thumb Code   282  bsp_adc.o(i.configADC1)
    i.delay_ms                               0x08002a80   Section        0  bsp_lcd_ili9341.o(i.delay_ms)
    delay_ms                                 0x08002a81   Thumb Code    18  bsp_lcd_ili9341.o(i.delay_ms)
    i.delay_us                               0x08002a92   Section        0  bsp_w25qxx.o(i.delay_us)
    delay_us                                 0x08002a93   Thumb Code    26  bsp_w25qxx.o(i.delay_us)
    i.delay_us                               0x08002aac   Section        0  bsp_adc.o(i.delay_us)
    delay_us                                 0x08002aad   Thumb Code    22  bsp_adc.o(i.delay_us)
    i.drawAscii                              0x08002ac4   Section        0  bsp_lcd_ili9341.o(i.drawAscii)
    i.drawGBK                                0x08002be4   Section        0  bsp_lcd_ili9341.o(i.drawGBK)
    i.eraseSector                            0x08002c94   Section        0  bsp_w25qxx.o(i.eraseSector)
    eraseSector                              0x08002c95   Thumb Code    74  bsp_w25qxx.o(i.eraseSector)
    i.fputc                                  0x08002ce8   Section        0  bsp_usart.o(i.fputc)
    i.fsmcConfig                             0x08002d04   Section        0  bsp_lcd_ili9341.o(i.fsmcConfig)
    fsmcConfig                               0x08002d05   Thumb Code   130  bsp_lcd_ili9341.o(i.fsmcConfig)
    i.getADC1Value                           0x08002d90   Section        0  bsp_adc.o(i.getADC1Value)
    getADC1Value                             0x08002d91   Thumb Code   134  bsp_adc.o(i.getADC1Value)
    i.gpioConfig                             0x08002e28   Section        0  bsp_lcd_ili9341.o(i.gpioConfig)
    gpioConfig                               0x08002e29   Thumb Code   404  bsp_lcd_ili9341.o(i.gpioConfig)
    i.ili9341RegConfig                       0x08002fcc   Section        0  bsp_lcd_ili9341.o(i.ili9341RegConfig)
    ili9341RegConfig                         0x08002fcd   Thumb Code   664  bsp_lcd_ili9341.o(i.ili9341RegConfig)
    i.main                                   0x08003288   Section        0  main.o(i.main)
    i.readData                               0x080032ac   Section        0  bsp_lcd_ili9341.o(i.readData)
    readData                                 0x080032ad   Thumb Code     6  bsp_lcd_ili9341.o(i.readData)
    i.readID                                 0x080032b8   Section        0  bsp_w25qxx.o(i.readID)
    readID                                   0x080032b9   Thumb Code   338  bsp_w25qxx.o(i.readID)
    i.sendByte                               0x080034e4   Section        0  bsp_w25qxx.o(i.sendByte)
    sendByte                                 0x080034e5   Thumb Code    70  bsp_w25qxx.o(i.sendByte)
    i.setCursor                              0x08003530   Section        0  bsp_lcd_ili9341.o(i.setCursor)
    i.spiInit                                0x08003598   Section        0  bsp_w25qxx.o(i.spiInit)
    spiInit                                  0x08003599   Thumb Code    84  bsp_w25qxx.o(i.spiInit)
    i.writeData                              0x080035f0   Section        0  bsp_lcd_ili9341.o(i.writeData)
    writeData                                0x080035f1   Thumb Code     6  bsp_lcd_ili9341.o(i.writeData)
    i.writeEnable                            0x080035fc   Section        0  bsp_w25qxx.o(i.writeEnable)
    writeEnable                              0x080035fd   Thumb Code    26  bsp_w25qxx.o(i.writeEnable)
    i.writeSector                            0x0800361c   Section        0  bsp_w25qxx.o(i.writeSector)
    writeSector                              0x0800361d   Thumb Code   126  bsp_w25qxx.o(i.writeSector)
    i.wrtieCmd                               0x080036a4   Section        0  bsp_lcd_ili9341.o(i.wrtieCmd)
    wrtieCmd                                 0x080036a5   Thumb Code     8  bsp_lcd_ili9341.o(i.wrtieCmd)
    .constdata                               0x080036ac   Section    19554  bsp_lcd_ili9341.o(.constdata)
    .data                                    0x20000000   Section       20  main.o(.data)
    wave_pos                                 0x20000000   Data           2  main.o(.data)
    screen_filled                            0x20000002   Data           1  main.o(.data)
    prev_x                                   0x20000004   Data           4  main.o(.data)
    prev_y                                   0x20000008   Data           4  main.o(.data)
    current_x                                0x2000000c   Data           4  main.o(.data)
    screen_cleared                           0x20000010   Data           4  main.o(.data)
    .data                                    0x20000014   Section       28  bsp_usart.o(.data)
    U1TxCounter                              0x20000014   Data           1  bsp_usart.o(.data)
    U1TxCount                                0x20000015   Data           1  bsp_usart.o(.data)
    U2TxCounter                              0x20000016   Data           1  bsp_usart.o(.data)
    U2TxCount                                0x20000017   Data           1  bsp_usart.o(.data)
    U3TxCounter                              0x20000018   Data           1  bsp_usart.o(.data)
    U3TxCount                                0x20000019   Data           1  bsp_usart.o(.data)
    U4TxCounter                              0x2000001a   Data           1  bsp_usart.o(.data)
    U4TxCount                                0x2000001b   Data           1  bsp_usart.o(.data)
    U5TxCounter                              0x2000001c   Data           1  bsp_usart.o(.data)
    U5TxCount                                0x2000001d   Data           1  bsp_usart.o(.data)
    cnt                                      0x20000024   Data           2  bsp_usart.o(.data)
    Flag_DmaTxInit                           0x20000026   Data           1  bsp_usart.o(.data)
    cnt                                      0x20000028   Data           2  bsp_usart.o(.data)
    cnt                                      0x2000002a   Data           2  bsp_usart.o(.data)
    cnt                                      0x2000002c   Data           2  bsp_usart.o(.data)
    cnt                                      0x2000002e   Data           2  bsp_usart.o(.data)
    .data                                    0x20000030   Section        8  bsp_adc.o(.data)
    FLAG_ADC1InitOK                          0x20000030   Data           1  bsp_adc.o(.data)
    adcValue                                 0x20000032   Data           2  bsp_adc.o(.data)
    channel                                  0x20000034   Data           1  bsp_adc.o(.data)
    adcValue                                 0x20000036   Data           2  bsp_adc.o(.data)
    .data                                    0x20000038   Section       26  system_f103.o(.data)
    _startTime                               0x20000040   Data           8  system_f103.o(.data)
    lastTime                                 0x20000048   Data           4  system_f103.o(.data)
    nowTime                                  0x2000004c   Data           4  system_f103.o(.data)
    CNT                                      0x20000050   Data           1  system_f103.o(.data)
    setGrouped                               0x20000051   Data           1  system_f103.o(.data)
    .data                                    0x20000052   Section       20  stm32f10x_rcc.o(.data)
    APBAHBPrescTable                         0x20000052   Data          16  stm32f10x_rcc.o(.data)
    ADCPrescTable                            0x20000062   Data           4  stm32f10x_rcc.o(.data)
    .bss                                     0x20000068   Section       10  bsp_lcd_ili9341.o(.bss)
    .bss                                     0x20000072   Section     4120  bsp_w25qxx.o(.bss)
    .bss                                     0x2000108a   Section    11542  bsp_usart.o(.bss)
    U1TxBuffer                               0x200024a0   Data         256  bsp_usart.o(.bss)
    U2TxBuffer                               0x200025a0   Data         256  bsp_usart.o(.bss)
    U3TxBuffer                               0x200026a0   Data         256  bsp_usart.o(.bss)
    U4TxBuffer                               0x200027a0   Data         256  bsp_usart.o(.bss)
    U5TxBuffer                               0x200028a0   Data         256  bsp_usart.o(.bss)
    RxTemp                                   0x200029a0   Data        1024  bsp_usart.o(.bss)
    RxTemp                                   0x20002da0   Data        1024  bsp_usart.o(.bss)
    RxTemp                                   0x200031a0   Data        1024  bsp_usart.o(.bss)
    RxTemp                                   0x200035a0   Data        1024  bsp_usart.o(.bss)
    RxTemp                                   0x200039a0   Data        1024  bsp_usart.o(.bss)
    STACK                                    0x20003da0   Section     1024  startup_stm32f10x_hd.o(STACK)

    Global Symbols

    Symbol Name                              Value     Ov Type        Size  Object(Section)

    BuildAttributes$$THM_ISAv4$P$D$K$B$S$PE$A:L22UL41UL21$X:L11$S22US41US21$IEEE1$IW$USESV6$~STKCKD$USESV7$~SHL$OTIME$ROPI$EBA8$MICROLIB$REQ8$PRES8$EABIv2 0x00000000   Number         0  anon$$obj.o ABSOLUTE
    __ARM_use_no_argv                        0x00000000   Number         0  main.o ABSOLUTE
    __use_no_errno                           0x00000000   Number         0  useno.o ABSOLUTE
    __use_no_exception_handling              0x00000000   Number         0  useno.o ABSOLUTE
    __use_no_fp                              0x00000000   Number         0  useno.o ABSOLUTE
    __use_no_heap                            0x00000000   Number         0  useno.o ABSOLUTE
    __use_no_heap_region                     0x00000000   Number         0  useno.o ABSOLUTE
    __use_no_semihosting                     0x00000000   Number         0  useno.o ABSOLUTE
    __use_no_semihosting_swi                 0x00000000   Number         0  useno.o ABSOLUTE
    __use_no_signal_handling                 0x00000000   Number         0  useno.o ABSOLUTE
    _printf_a                                0x00000000   Number         0  stubs.o ABSOLUTE
    _printf_c                                0x00000000   Number         0  stubs.o ABSOLUTE
    _printf_charcount                        0x00000000   Number         0  stubs.o ABSOLUTE
    _printf_d                                0x00000000   Number         0  stubs.o ABSOLUTE
    _printf_e                                0x00000000   Number         0  stubs.o ABSOLUTE
    _printf_f                                0x00000000   Number         0  stubs.o ABSOLUTE
    _printf_flags                            0x00000000   Number         0  stubs.o ABSOLUTE
    _printf_fp_dec                           0x00000000   Number         0  stubs.o ABSOLUTE
    _printf_fp_hex                           0x00000000   Number         0  stubs.o ABSOLUTE
    _printf_g                                0x00000000   Number         0  stubs.o ABSOLUTE
    _printf_i                                0x00000000   Number         0  stubs.o ABSOLUTE
    _printf_int_dec                          0x00000000   Number         0  stubs.o ABSOLUTE
    _printf_l                                0x00000000   Number         0  stubs.o ABSOLUTE
    _printf_lc                               0x00000000   Number         0  stubs.o ABSOLUTE
    _printf_ll                               0x00000000   Number         0  stubs.o ABSOLUTE
    _printf_lld                              0x00000000   Number         0  stubs.o ABSOLUTE
    _printf_lli                              0x00000000   Number         0  stubs.o ABSOLUTE
    _printf_llo                              0x00000000   Number         0  stubs.o ABSOLUTE
    _printf_llu                              0x00000000   Number         0  stubs.o ABSOLUTE
    _printf_llx                              0x00000000   Number         0  stubs.o ABSOLUTE
    _printf_longlong_dec                     0x00000000   Number         0  stubs.o ABSOLUTE
    _printf_longlong_hex                     0x00000000   Number         0  stubs.o ABSOLUTE
    _printf_longlong_oct                     0x00000000   Number         0  stubs.o ABSOLUTE
    _printf_ls                               0x00000000   Number         0  stubs.o ABSOLUTE
    _printf_mbtowc                           0x00000000   Number         0  stubs.o ABSOLUTE
    _printf_n                                0x00000000   Number         0  stubs.o ABSOLUTE
    _printf_o                                0x00000000   Number         0  stubs.o ABSOLUTE
    _printf_p                                0x00000000   Number         0  stubs.o ABSOLUTE
    _printf_percent                          0x00000000   Number         0  stubs.o ABSOLUTE
    _printf_pre_padding                      0x00000000   Number         0  stubs.o ABSOLUTE
    _printf_return_value                     0x00000000   Number         0  stubs.o ABSOLUTE
    _printf_s                                0x00000000   Number         0  stubs.o ABSOLUTE
    _printf_sizespec                         0x00000000   Number         0  stubs.o ABSOLUTE
    _printf_str                              0x00000000   Number         0  stubs.o ABSOLUTE
    _printf_truncate_signed                  0x00000000   Number         0  stubs.o ABSOLUTE
    _printf_truncate_unsigned                0x00000000   Number         0  stubs.o ABSOLUTE
    _printf_u                                0x00000000   Number         0  stubs.o ABSOLUTE
    _printf_wc                               0x00000000   Number         0  stubs.o ABSOLUTE
    _printf_wctomb                           0x00000000   Number         0  stubs.o ABSOLUTE
    _printf_widthprec                        0x00000000   Number         0  stubs.o ABSOLUTE
    _printf_x                                0x00000000   Number         0  stubs.o ABSOLUTE
    __cpp_initialize__aeabi_                  - Undefined Weak Reference
    __cxa_finalize                            - Undefined Weak Reference
    __decompress                              - Undefined Weak Reference
    _clock_init                               - Undefined Weak Reference
    _microlib_exit                            - Undefined Weak Reference
    __Vectors_Size                           0x00000130   Number         0  startup_stm32f10x_hd.o ABSOLUTE
    __Vectors                                0x08000000   Data           4  startup_stm32f10x_hd.o(RESET)
    __Vectors_End                            0x08000130   Data           0  startup_stm32f10x_hd.o(RESET)
    __main                                   0x08000131   Thumb Code     0  entry.o(.ARM.Collect$$$$00000000)
    _main_stk                                0x08000131   Thumb Code     0  entry2.o(.ARM.Collect$$$$00000001)
    _main_scatterload                        0x08000135   Thumb Code     0  entry5.o(.ARM.Collect$$$$00000004)
    __main_after_scatterload                 0x08000139   Thumb Code     0  entry5.o(.ARM.Collect$$$$00000004)
    _main_clock                              0x08000139   Thumb Code     0  entry7b.o(.ARM.Collect$$$$00000008)
    _main_cpp_init                           0x08000139   Thumb Code     0  entry8b.o(.ARM.Collect$$$$0000000A)
    _main_init                               0x08000139   Thumb Code     0  entry9a.o(.ARM.Collect$$$$0000000B)
    __rt_final_cpp                           0x08000141   Thumb Code     0  entry10a.o(.ARM.Collect$$$$0000000D)
    __rt_final_exit                          0x08000141   Thumb Code     0  entry11a.o(.ARM.Collect$$$$0000000F)
    Reset_Handler                            0x08000145   Thumb Code     8  startup_stm32f10x_hd.o(.text)
    ADC1_2_IRQHandler                        0x0800015f   Thumb Code     0  startup_stm32f10x_hd.o(.text)
    ADC3_IRQHandler                          0x0800015f   Thumb Code     0  startup_stm32f10x_hd.o(.text)
    CAN1_RX1_IRQHandler                      0x0800015f   Thumb Code     0  startup_stm32f10x_hd.o(.text)
    CAN1_SCE_IRQHandler                      0x0800015f   Thumb Code     0  startup_stm32f10x_hd.o(.text)
    DMA1_Channel1_IRQHandler                 0x0800015f   Thumb Code     0  startup_stm32f10x_hd.o(.text)
    DMA1_Channel2_IRQHandler                 0x0800015f   Thumb Code     0  startup_stm32f10x_hd.o(.text)
    DMA1_Channel3_IRQHandler                 0x0800015f   Thumb Code     0  startup_stm32f10x_hd.o(.text)
    DMA1_Channel4_IRQHandler                 0x0800015f   Thumb Code     0  startup_stm32f10x_hd.o(.text)
    DMA1_Channel5_IRQHandler                 0x0800015f   Thumb Code     0  startup_stm32f10x_hd.o(.text)
    DMA1_Channel6_IRQHandler                 0x0800015f   Thumb Code     0  startup_stm32f10x_hd.o(.text)
    DMA1_Channel7_IRQHandler                 0x0800015f   Thumb Code     0  startup_stm32f10x_hd.o(.text)
    DMA2_Channel1_IRQHandler                 0x0800015f   Thumb Code     0  startup_stm32f10x_hd.o(.text)
    DMA2_Channel2_IRQHandler                 0x0800015f   Thumb Code     0  startup_stm32f10x_hd.o(.text)
    DMA2_Channel3_IRQHandler                 0x0800015f   Thumb Code     0  startup_stm32f10x_hd.o(.text)
    DMA2_Channel4_5_IRQHandler               0x0800015f   Thumb Code     0  startup_stm32f10x_hd.o(.text)
    EXTI0_IRQHandler                         0x0800015f   Thumb Code     0  startup_stm32f10x_hd.o(.text)
    EXTI15_10_IRQHandler                     0x0800015f   Thumb Code     0  startup_stm32f10x_hd.o(.text)
    EXTI1_IRQHandler                         0x0800015f   Thumb Code     0  startup_stm32f10x_hd.o(.text)
    EXTI2_IRQHandler                         0x0800015f   Thumb Code     0  startup_stm32f10x_hd.o(.text)
    EXTI3_IRQHandler                         0x0800015f   Thumb Code     0  startup_stm32f10x_hd.o(.text)
    EXTI4_IRQHandler                         0x0800015f   Thumb Code     0  startup_stm32f10x_hd.o(.text)
    EXTI9_5_IRQHandler                       0x0800015f   Thumb Code     0  startup_stm32f10x_hd.o(.text)
    FLASH_IRQHandler                         0x0800015f   Thumb Code     0  startup_stm32f10x_hd.o(.text)
    FSMC_IRQHandler                          0x0800015f   Thumb Code     0  startup_stm32f10x_hd.o(.text)
    I2C1_ER_IRQHandler                       0x0800015f   Thumb Code     0  startup_stm32f10x_hd.o(.text)
    I2C1_EV_IRQHandler                       0x0800015f   Thumb Code     0  startup_stm32f10x_hd.o(.text)
    I2C2_ER_IRQHandler                       0x0800015f   Thumb Code     0  startup_stm32f10x_hd.o(.text)
    I2C2_EV_IRQHandler                       0x0800015f   Thumb Code     0  startup_stm32f10x_hd.o(.text)
    PVD_IRQHandler                           0x0800015f   Thumb Code     0  startup_stm32f10x_hd.o(.text)
    RCC_IRQHandler                           0x0800015f   Thumb Code     0  startup_stm32f10x_hd.o(.text)
    RTCAlarm_IRQHandler                      0x0800015f   Thumb Code     0  startup_stm32f10x_hd.o(.text)
    RTC_IRQHandler                           0x0800015f   Thumb Code     0  startup_stm32f10x_hd.o(.text)
    SDIO_IRQHandler                          0x0800015f   Thumb Code     0  startup_stm32f10x_hd.o(.text)
    SPI1_IRQHandler                          0x0800015f   Thumb Code     0  startup_stm32f10x_hd.o(.text)
    SPI2_IRQHandler                          0x0800015f   Thumb Code     0  startup_stm32f10x_hd.o(.text)
    SPI3_IRQHandler                          0x0800015f   Thumb Code     0  startup_stm32f10x_hd.o(.text)
    TAMPER_IRQHandler                        0x0800015f   Thumb Code     0  startup_stm32f10x_hd.o(.text)
    TIM1_BRK_IRQHandler                      0x0800015f   Thumb Code     0  startup_stm32f10x_hd.o(.text)
    TIM1_CC_IRQHandler                       0x0800015f   Thumb Code     0  startup_stm32f10x_hd.o(.text)
    TIM1_TRG_COM_IRQHandler                  0x0800015f   Thumb Code     0  startup_stm32f10x_hd.o(.text)
    TIM1_UP_IRQHandler                       0x0800015f   Thumb Code     0  startup_stm32f10x_hd.o(.text)
    TIM3_IRQHandler                          0x0800015f   Thumb Code     0  startup_stm32f10x_hd.o(.text)
    TIM4_IRQHandler                          0x0800015f   Thumb Code     0  startup_stm32f10x_hd.o(.text)
    TIM5_IRQHandler                          0x0800015f   Thumb Code     0  startup_stm32f10x_hd.o(.text)
    TIM6_IRQHandler                          0x0800015f   Thumb Code     0  startup_stm32f10x_hd.o(.text)
    TIM7_IRQHandler                          0x0800015f   Thumb Code     0  startup_stm32f10x_hd.o(.text)
    TIM8_BRK_IRQHandler                      0x0800015f   Thumb Code     0  startup_stm32f10x_hd.o(.text)
    TIM8_CC_IRQHandler                       0x0800015f   Thumb Code     0  startup_stm32f10x_hd.o(.text)
    TIM8_TRG_COM_IRQHandler                  0x0800015f   Thumb Code     0  startup_stm32f10x_hd.o(.text)
    TIM8_UP_IRQHandler                       0x0800015f   Thumb Code     0  startup_stm32f10x_hd.o(.text)
    USBWakeUp_IRQHandler                     0x0800015f   Thumb Code     0  startup_stm32f10x_hd.o(.text)
    USB_HP_CAN1_TX_IRQHandler                0x0800015f   Thumb Code     0  startup_stm32f10x_hd.o(.text)
    USB_LP_CAN1_RX0_IRQHandler               0x0800015f   Thumb Code     0  startup_stm32f10x_hd.o(.text)
    WWDG_IRQHandler                          0x0800015f   Thumb Code     0  startup_stm32f10x_hd.o(.text)
    __aeabi_memcpy                           0x08000169   Thumb Code    36  memcpya.o(.text)
    __aeabi_memcpy4                          0x08000169   Thumb Code     0  memcpya.o(.text)
    __aeabi_memcpy8                          0x08000169   Thumb Code     0  memcpya.o(.text)
    __aeabi_memset                           0x0800018d   Thumb Code    14  memseta.o(.text)
    __aeabi_memset4                          0x0800018d   Thumb Code     0  memseta.o(.text)
    __aeabi_memset8                          0x0800018d   Thumb Code     0  memseta.o(.text)
    __aeabi_memclr                           0x0800019b   Thumb Code     4  memseta.o(.text)
    __aeabi_memclr4                          0x0800019b   Thumb Code     0  memseta.o(.text)
    __aeabi_memclr8                          0x0800019b   Thumb Code     0  memseta.o(.text)
    _memset$wrapper                          0x0800019f   Thumb Code    18  memseta.o(.text)
    __aeabi_fadd                             0x080001b1   Thumb Code   164  fadd.o(.text)
    __aeabi_fsub                             0x08000255   Thumb Code     6  fadd.o(.text)
    __aeabi_frsub                            0x0800025b   Thumb Code     6  fadd.o(.text)
    __aeabi_fmul                             0x08000261   Thumb Code   100  fmul.o(.text)
    __aeabi_dadd                             0x080002c5   Thumb Code   322  dadd.o(.text)
    __aeabi_dsub                             0x08000407   Thumb Code     6  dadd.o(.text)
    __aeabi_drsub                            0x0800040d   Thumb Code     6  dadd.o(.text)
    __aeabi_ddiv                             0x08000413   Thumb Code   222  ddiv.o(.text)
    __aeabi_ui2f                             0x080004f1   Thumb Code    10  ffltui.o(.text)
    __aeabi_f2uiz                            0x080004fb   Thumb Code    40  ffixui.o(.text)
    __aeabi_f2d                              0x08000523   Thumb Code    38  f2d.o(.text)
    __aeabi_d2f                              0x08000549   Thumb Code    56  d2f.o(.text)
    __aeabi_cfcmpeq                          0x08000581   Thumb Code     0  cfcmple.o(.text)
    __aeabi_cfcmple                          0x08000581   Thumb Code    20  cfcmple.o(.text)
    __aeabi_cfrcmple                         0x08000595   Thumb Code    20  cfrcmple.o(.text)
    __aeabi_uidiv                            0x080005a9   Thumb Code     0  uidiv.o(.text)
    __aeabi_uidivmod                         0x080005a9   Thumb Code    44  uidiv.o(.text)
    __aeabi_uldivmod                         0x080005d5   Thumb Code    98  uldiv.o(.text)
    __aeabi_llsl                             0x08000637   Thumb Code    30  llshl.o(.text)
    _ll_shift_l                              0x08000637   Thumb Code     0  llshl.o(.text)
    __aeabi_lasr                             0x08000655   Thumb Code    36  llsshr.o(.text)
    _ll_sshift_r                             0x08000655   Thumb Code     0  llsshr.o(.text)
    __I$use$fp                               0x08000679   Thumb Code     0  iusefp.o(.text)
    _float_round                             0x08000679   Thumb Code    18  fepilogue.o(.text)
    _float_epilogue                          0x0800068b   Thumb Code    92  fepilogue.o(.text)
    _double_round                            0x080006e7   Thumb Code    30  depilogue.o(.text)
    _double_epilogue                         0x08000705   Thumb Code   156  depilogue.o(.text)
    __aeabi_dmul                             0x080007a1   Thumb Code   228  dmul.o(.text)
    __aeabi_d2ulz                            0x08000885   Thumb Code    48  dfixul.o(.text)
    __aeabi_cdrcmple                         0x080008b5   Thumb Code    48  cdrcmple.o(.text)
    __scatterload                            0x080008e5   Thumb Code    28  init.o(.text)
    __scatterload_rt2                        0x080008e5   Thumb Code     0  init.o(.text)
    __aeabi_llsr                             0x08000909   Thumb Code    32  llushr.o(.text)
    _ll_ushift_r                             0x08000909   Thumb Code     0  llushr.o(.text)
    ADC1_GetVoltage                          0x08000929   Thumb Code    88  bsp_adc.o(i.ADC1_GetVoltage)
    BusFault_Handler                         0x08000991   Thumb Code     4  stm32f10x_it.o(i.BusFault_Handler)
    DebugMon_Handler                         0x08000995   Thumb Code     2  stm32f10x_it.o(i.DebugMon_Handler)
    GPIO_Init                                0x08000997   Thumb Code   278  stm32f10x_gpio.o(i.GPIO_Init)
    HardFault_Handler                        0x08000aad   Thumb Code     4  stm32f10x_it.o(i.HardFault_Handler)
    LCD_DisplayDir                           0x08000ab1   Thumb Code    96  bsp_lcd_ili9341.o(i.LCD_DisplayDir)
    LCD_DrawPoint                            0x08000b15   Thumb Code    28  bsp_lcd_ili9341.o(i.LCD_DrawPoint)
    LCD_Fill                                 0x08000b31   Thumb Code    54  bsp_lcd_ili9341.o(i.LCD_Fill)
    LCD_Init                                 0x08000b67   Thumb Code    16  bsp_lcd_ili9341.o(i.LCD_Init)
    LCD_Line                                 0x08000b77   Thumb Code   174  bsp_lcd_ili9341.o(i.LCD_Line)
    LCD_String                               0x08000c25   Thumb Code   146  bsp_lcd_ili9341.o(i.LCD_String)
    MapVoltageToY                            0x08000cbd   Thumb Code    86  main.o(i.MapVoltageToY)
    MemManage_Handler                        0x08000d25   Thumb Code     4  stm32f10x_it.o(i.MemManage_Handler)
    NMI_Handler                              0x08000d29   Thumb Code     2  stm32f10x_it.o(i.NMI_Handler)
    NVIC_Init                                0x08000d2d   Thumb Code   100  misc.o(i.NVIC_Init)
    PendSV_Handler                           0x08000d9d   Thumb Code     2  stm32f10x_it.o(i.PendSV_Handler)
    RCC_APB1PeriphClockCmd                   0x08000da1   Thumb Code    26  stm32f10x_rcc.o(i.RCC_APB1PeriphClockCmd)
    RCC_APB1PeriphResetCmd                   0x08000dc1   Thumb Code    26  stm32f10x_rcc.o(i.RCC_APB1PeriphResetCmd)
    RCC_APB2PeriphClockCmd                   0x08000de1   Thumb Code    26  stm32f10x_rcc.o(i.RCC_APB2PeriphClockCmd)
    RCC_APB2PeriphResetCmd                   0x08000e01   Thumb Code    26  stm32f10x_rcc.o(i.RCC_APB2PeriphResetCmd)
    RCC_GetClocksFreq                        0x08000e21   Thumb Code   192  stm32f10x_rcc.o(i.RCC_GetClocksFreq)
    SVC_Handler                              0x08000ef5   Thumb Code     2  stm32f10x_it.o(i.SVC_Handler)
    SysTick_Handler                          0x08000ef9   Thumb Code    20  system_f103.o(i.SysTick_Handler)
    SystemInit                               0x08000f11   Thumb Code   246  system_stm32f10x.o(i.SystemInit)
    System_SwdMode                           0x08001019   Thumb Code    36  system_f103.o(i.System_SwdMode)
    TIM2_IRQHandler                          0x08001045   Thumb Code   316  main.o(i.TIM2_IRQHandler)
    TIM2_Init                                0x080011b5   Thumb Code    94  main.o(i.TIM2_Init)
    TIM_ClearITPendingBit                    0x08001213   Thumb Code     6  stm32f10x_tim.o(i.TIM_ClearITPendingBit)
    TIM_Cmd                                  0x08001219   Thumb Code    24  stm32f10x_tim.o(i.TIM_Cmd)
    TIM_GetITStatus                          0x08001231   Thumb Code    34  stm32f10x_tim.o(i.TIM_GetITStatus)
    TIM_ITConfig                             0x08001253   Thumb Code    18  stm32f10x_tim.o(i.TIM_ITConfig)
    TIM_TimeBaseInit                         0x08001265   Thumb Code   122  stm32f10x_tim.o(i.TIM_TimeBaseInit)
    UART4_IRQHandler                         0x08001309   Thumb Code   196  bsp_usart.o(i.UART4_IRQHandler)
    UART5_IRQHandler                         0x080013ed   Thumb Code   178  bsp_usart.o(i.UART5_IRQHandler)
    USART1_IRQHandler                        0x080014bd   Thumb Code   194  bsp_usart.o(i.USART1_IRQHandler)
    USART1_Init                              0x0800159d   Thumb Code   222  bsp_usart.o(i.USART1_Init)
    USART2_IRQHandler                        0x08001701   Thumb Code   196  bsp_usart.o(i.USART2_IRQHandler)
    USART3_IRQHandler                        0x080017e5   Thumb Code   196  bsp_usart.o(i.USART3_IRQHandler)
    USART_Cmd                                0x080018c9   Thumb Code    24  stm32f10x_usart.o(i.USART_Cmd)
    USART_DeInit                             0x080018e1   Thumb Code   134  stm32f10x_usart.o(i.USART_DeInit)
    USART_ITConfig                           0x0800197d   Thumb Code    74  stm32f10x_usart.o(i.USART_ITConfig)
    USART_Init                               0x080019c9   Thumb Code   210  stm32f10x_usart.o(i.USART_Init)
    UsageFault_Handler                       0x08001aa1   Thumb Code     4  stm32f10x_it.o(i.UsageFault_Handler)
    W25qx_Init                               0x08001aa5   Thumb Code   110  bsp_w25qxx.o(i.W25qx_Init)
    W25qxx_ReadBuffer                        0x08001b25   Thumb Code    90  bsp_w25qxx.o(i.W25qxx_ReadBuffer)
    W25qxx_ReadGBK                           0x08001b89   Thumb Code   226  bsp_w25qxx.o(i.W25qxx_ReadGBK)
    W25qxx_WriteBuffer                       0x08001c79   Thumb Code   166  bsp_w25qxx.o(i.W25qxx_WriteBuffer)
    __0printf                                0x08001d8d   Thumb Code    22  printfa.o(i.__0printf)
    __1printf                                0x08001d8d   Thumb Code     0  printfa.o(i.__0printf)
    __2printf                                0x08001d8d   Thumb Code     0  printfa.o(i.__0printf)
    __c89printf                              0x08001d8d   Thumb Code     0  printfa.o(i.__0printf)
    printf                                   0x08001d8d   Thumb Code     0  printfa.o(i.__0printf)
    __0sprintf                               0x08001dad   Thumb Code    34  printfa.o(i.__0sprintf)
    __1sprintf                               0x08001dad   Thumb Code     0  printfa.o(i.__0sprintf)
    __2sprintf                               0x08001dad   Thumb Code     0  printfa.o(i.__0sprintf)
    __c89sprintf                             0x08001dad   Thumb Code     0  printfa.o(i.__0sprintf)
    sprintf                                  0x08001dad   Thumb Code     0  printfa.o(i.__0sprintf)
    __scatterload_copy                       0x08001dd5   Thumb Code    14  handlers.o(i.__scatterload_copy)
    __scatterload_null                       0x08001de3   Thumb Code     2  handlers.o(i.__scatterload_null)
    __scatterload_zeroinit                   0x08001de5   Thumb Code    14  handlers.o(i.__scatterload_zeroinit)
    drawAscii                                0x08002ac5   Thumb Code   266  bsp_lcd_ili9341.o(i.drawAscii)
    drawGBK                                  0x08002be5   Thumb Code   174  bsp_lcd_ili9341.o(i.drawGBK)
    fputc                                    0x08002ce9   Thumb Code    24  bsp_usart.o(i.fputc)
    main                                     0x08003289   Thumb Code    34  main.o(i.main)
    setCursor                                0x08003531   Thumb Code   102  bsp_lcd_ili9341.o(i.setCursor)
    hanzi16                                  0x080036ac   Data         192  bsp_lcd_ili9341.o(.constdata)
    hanzi32                                  0x0800376c   Data           2  bsp_lcd_ili9341.o(.constdata)
    asc2_1206                                0x0800376e   Data        1140  bsp_lcd_ili9341.o(.constdata)
    asc2_1608                                0x08003be2   Data        1520  bsp_lcd_ili9341.o(.constdata)
    asc2_2412                                0x080041d2   Data        3420  bsp_lcd_ili9341.o(.constdata)
    asc2_3216                                0x08004f2e   Data        6080  bsp_lcd_ili9341.o(.constdata)
    imageLoge                                0x080066ee   Data        7200  bsp_lcd_ili9341.o(.constdata)
    Region$$Table$$Base                      0x08008310   Number         0  anon$$obj.o(Region$$Table)
    Region$$Table$$Limit                     0x08008330   Number         0  anon$$obj.o(Region$$Table)
    __stdout                                 0x20000020   Data           4  bsp_usart.o(.data)
    sysTickCnt                               0x20000038   Data           8  system_f103.o(.data)
    xLCD                                     0x20000068   Data          10  bsp_lcd_ili9341.o(.bss)
    xW25Qxx                                  0x20000072   Data          24  bsp_w25qxx.o(.bss)
    W25QXX_buffer                            0x2000008a   Data        4096  bsp_w25qxx.o(.bss)
    xUSART                                   0x2000108a   Data        5142  bsp_usart.o(.bss)
    __initial_sp                             0x200041a0   Data           0  startup_stm32f10x_hd.o(STACK)



==============================================================================

Memory Map of the image

  Image Entry point : 0x08000131

  Load Region LR_IROM1 (Base: 0x08000000, Size: 0x00008398, Max: 0x00080000, ABSOLUTE)

    Execution Region ER_IROM1 (Exec base: 0x08000000, Load base: 0x08000000, Size: 0x00008330, Max: 0x00080000, ABSOLUTE)

    Exec Addr    Load Addr    Size         Type   Attr      Idx    E Section Name        Object

    0x08000000   0x08000000   0x00000130   Data   RO          772    RESET               startup_stm32f10x_hd.o
    0x08000130   0x08000130   0x00000000   Code   RO         3827  * .ARM.Collect$$$$00000000  mc_w.l(entry.o)
    0x08000130   0x08000130   0x00000004   Code   RO         4117    .ARM.Collect$$$$00000001  mc_w.l(entry2.o)
    0x08000134   0x08000134   0x00000004   Code   RO         4120    .ARM.Collect$$$$00000004  mc_w.l(entry5.o)
    0x08000138   0x08000138   0x00000000   Code   RO         4122    .ARM.Collect$$$$00000008  mc_w.l(entry7b.o)
    0x08000138   0x08000138   0x00000000   Code   RO         4124    .ARM.Collect$$$$0000000A  mc_w.l(entry8b.o)
    0x08000138   0x08000138   0x00000008   Code   RO         4125    .ARM.Collect$$$$0000000B  mc_w.l(entry9a.o)
    0x08000140   0x08000140   0x00000000   Code   RO         4127    .ARM.Collect$$$$0000000D  mc_w.l(entry10a.o)
    0x08000140   0x08000140   0x00000000   Code   RO         4129    .ARM.Collect$$$$0000000F  mc_w.l(entry11a.o)
    0x08000140   0x08000140   0x00000004   Code   RO         4118    .ARM.Collect$$$$00002712  mc_w.l(entry2.o)
    0x08000144   0x08000144   0x00000024   Code   RO          773    .text               startup_stm32f10x_hd.o
    0x08000168   0x08000168   0x00000024   Code   RO         3830    .text               mc_w.l(memcpya.o)
    0x0800018c   0x0800018c   0x00000024   Code   RO         3832    .text               mc_w.l(memseta.o)
    0x080001b0   0x080001b0   0x000000b0   Code   RO         4097    .text               mf_w.l(fadd.o)
    0x08000260   0x08000260   0x00000064   Code   RO         4099    .text               mf_w.l(fmul.o)
    0x080002c4   0x080002c4   0x0000014e   Code   RO         4101    .text               mf_w.l(dadd.o)
    0x08000412   0x08000412   0x000000de   Code   RO         4103    .text               mf_w.l(ddiv.o)
    0x080004f0   0x080004f0   0x0000000a   Code   RO         4105    .text               mf_w.l(ffltui.o)
    0x080004fa   0x080004fa   0x00000028   Code   RO         4107    .text               mf_w.l(ffixui.o)
    0x08000522   0x08000522   0x00000026   Code   RO         4109    .text               mf_w.l(f2d.o)
    0x08000548   0x08000548   0x00000038   Code   RO         4111    .text               mf_w.l(d2f.o)
    0x08000580   0x08000580   0x00000014   Code   RO         4113    .text               mf_w.l(cfcmple.o)
    0x08000594   0x08000594   0x00000014   Code   RO         4115    .text               mf_w.l(cfrcmple.o)
    0x080005a8   0x080005a8   0x0000002c   Code   RO         4131    .text               mc_w.l(uidiv.o)
    0x080005d4   0x080005d4   0x00000062   Code   RO         4133    .text               mc_w.l(uldiv.o)
    0x08000636   0x08000636   0x0000001e   Code   RO         4135    .text               mc_w.l(llshl.o)
    0x08000654   0x08000654   0x00000024   Code   RO         4137    .text               mc_w.l(llsshr.o)
    0x08000678   0x08000678   0x00000000   Code   RO         4139    .text               mc_w.l(iusefp.o)
    0x08000678   0x08000678   0x0000006e   Code   RO         4140    .text               mf_w.l(fepilogue.o)
    0x080006e6   0x080006e6   0x000000ba   Code   RO         4142    .text               mf_w.l(depilogue.o)
    0x080007a0   0x080007a0   0x000000e4   Code   RO         4144    .text               mf_w.l(dmul.o)
    0x08000884   0x08000884   0x00000030   Code   RO         4146    .text               mf_w.l(dfixul.o)
    0x080008b4   0x080008b4   0x00000030   Code   RO         4148    .text               mf_w.l(cdrcmple.o)
    0x080008e4   0x080008e4   0x00000024   Code   RO         4150    .text               mc_w.l(init.o)
    0x08000908   0x08000908   0x00000020   Code   RO         4152    .text               mc_w.l(llushr.o)
    0x08000928   0x08000928   0x00000068   Code   RO          587    i.ADC1_GetVoltage   bsp_adc.o
    0x08000990   0x08000990   0x00000004   Code   RO          110    i.BusFault_Handler  stm32f10x_it.o
    0x08000994   0x08000994   0x00000002   Code   RO          111    i.DebugMon_Handler  stm32f10x_it.o
    0x08000996   0x08000996   0x00000116   Code   RO         1990    i.GPIO_Init         stm32f10x_gpio.o
    0x08000aac   0x08000aac   0x00000004   Code   RO          112    i.HardFault_Handler  stm32f10x_it.o
    0x08000ab0   0x08000ab0   0x00000064   Code   RO          170    i.LCD_DisplayDir    bsp_lcd_ili9341.o
    0x08000b14   0x08000b14   0x0000001c   Code   RO          173    i.LCD_DrawPoint     bsp_lcd_ili9341.o
    0x08000b30   0x08000b30   0x00000036   Code   RO          174    i.LCD_Fill          bsp_lcd_ili9341.o
    0x08000b66   0x08000b66   0x00000010   Code   RO          177    i.LCD_Init          bsp_lcd_ili9341.o
    0x08000b76   0x08000b76   0x000000ae   Code   RO          178    i.LCD_Line          bsp_lcd_ili9341.o
    0x08000c24   0x08000c24   0x00000098   Code   RO          181    i.LCD_String        bsp_lcd_ili9341.o
    0x08000cbc   0x08000cbc   0x00000068   Code   RO            1    i.MapVoltageToY     main.o
    0x08000d24   0x08000d24   0x00000004   Code   RO          113    i.MemManage_Handler  stm32f10x_it.o
    0x08000d28   0x08000d28   0x00000002   Code   RO          114    i.NMI_Handler       stm32f10x_it.o
    0x08000d2a   0x08000d2a   0x00000002   PAD
    0x08000d2c   0x08000d2c   0x00000070   Code   RO          812    i.NVIC_Init         misc.o
    0x08000d9c   0x08000d9c   0x00000002   Code   RO          115    i.PendSV_Handler    stm32f10x_it.o
    0x08000d9e   0x08000d9e   0x00000002   PAD
    0x08000da0   0x08000da0   0x00000020   Code   RO         2415    i.RCC_APB1PeriphClockCmd  stm32f10x_rcc.o
    0x08000dc0   0x08000dc0   0x00000020   Code   RO         2416    i.RCC_APB1PeriphResetCmd  stm32f10x_rcc.o
    0x08000de0   0x08000de0   0x00000020   Code   RO         2417    i.RCC_APB2PeriphClockCmd  stm32f10x_rcc.o
    0x08000e00   0x08000e00   0x00000020   Code   RO         2418    i.RCC_APB2PeriphResetCmd  stm32f10x_rcc.o
    0x08000e20   0x08000e20   0x000000d4   Code   RO         2425    i.RCC_GetClocksFreq  stm32f10x_rcc.o
    0x08000ef4   0x08000ef4   0x00000002   Code   RO          116    i.SVC_Handler       stm32f10x_it.o
    0x08000ef6   0x08000ef6   0x00000002   PAD
    0x08000ef8   0x08000ef8   0x00000018   Code   RO          626    i.SysTick_Handler   system_f103.o
    0x08000f10   0x08000f10   0x00000108   Code   RO          789    i.SystemInit        system_stm32f10x.o
    0x08001018   0x08001018   0x0000002c   Code   RO          642    i.System_SwdMode    system_f103.o
    0x08001044   0x08001044   0x00000170   Code   RO            2    i.TIM2_IRQHandler   main.o
    0x080011b4   0x080011b4   0x0000005e   Code   RO            3    i.TIM2_Init         main.o
    0x08001212   0x08001212   0x00000006   Code   RO         3053    i.TIM_ClearITPendingBit  stm32f10x_tim.o
    0x08001218   0x08001218   0x00000018   Code   RO         3058    i.TIM_Cmd           stm32f10x_tim.o
    0x08001230   0x08001230   0x00000022   Code   RO         3079    i.TIM_GetITStatus   stm32f10x_tim.o
    0x08001252   0x08001252   0x00000012   Code   RO         3083    i.TIM_ITConfig      stm32f10x_tim.o
    0x08001264   0x08001264   0x000000a4   Code   RO         3129    i.TIM_TimeBaseInit  stm32f10x_tim.o
    0x08001308   0x08001308   0x000000e4   Code   RO          403    i.UART4_IRQHandler  bsp_usart.o
    0x080013ec   0x080013ec   0x000000d0   Code   RO          408    i.UART5_IRQHandler  bsp_usart.o
    0x080014bc   0x080014bc   0x000000e0   Code   RO          413    i.USART1_IRQHandler  bsp_usart.o
    0x0800159c   0x0800159c   0x00000164   Code   RO          414    i.USART1_Init       bsp_usart.o
    0x08001700   0x08001700   0x000000e4   Code   RO          419    i.USART2_IRQHandler  bsp_usart.o
    0x080017e4   0x080017e4   0x000000e4   Code   RO          424    i.USART3_IRQHandler  bsp_usart.o
    0x080018c8   0x080018c8   0x00000018   Code   RO         3594    i.USART_Cmd         stm32f10x_usart.o
    0x080018e0   0x080018e0   0x0000009c   Code   RO         3596    i.USART_DeInit      stm32f10x_usart.o
    0x0800197c   0x0800197c   0x0000004a   Code   RO         3600    i.USART_ITConfig    stm32f10x_usart.o
    0x080019c6   0x080019c6   0x00000002   PAD
    0x080019c8   0x080019c8   0x000000d8   Code   RO         3601    i.USART_Init        stm32f10x_usart.o
    0x08001aa0   0x08001aa0   0x00000004   Code   RO          117    i.UsageFault_Handler  stm32f10x_it.o
    0x08001aa4   0x08001aa4   0x00000080   Code   RO          321    i.W25qx_Init        bsp_w25qxx.o
    0x08001b24   0x08001b24   0x00000064   Code   RO          322    i.W25qxx_ReadBuffer  bsp_w25qxx.o
    0x08001b88   0x08001b88   0x000000f0   Code   RO          323    i.W25qxx_ReadGBK    bsp_w25qxx.o
    0x08001c78   0x08001c78   0x000000e4   Code   RO          324    i.W25qxx_WriteBuffer  bsp_w25qxx.o
    0x08001d5c   0x08001d5c   0x00000030   Code   RO          325    i.WaitReady         bsp_w25qxx.o
    0x08001d8c   0x08001d8c   0x00000020   Code   RO         4069    i.__0printf         mc_w.l(printfa.o)
    0x08001dac   0x08001dac   0x00000028   Code   RO         4071    i.__0sprintf        mc_w.l(printfa.o)
    0x08001dd4   0x08001dd4   0x0000000e   Code   RO         4156    i.__scatterload_copy  mc_w.l(handlers.o)
    0x08001de2   0x08001de2   0x00000002   Code   RO         4157    i.__scatterload_null  mc_w.l(handlers.o)
    0x08001de4   0x08001de4   0x0000000e   Code   RO         4158    i.__scatterload_zeroinit  mc_w.l(handlers.o)
    0x08001df2   0x08001df2   0x00000002   PAD
    0x08001df4   0x08001df4   0x00000184   Code   RO         4076    i._fp_digits        mc_w.l(printfa.o)
    0x08001f78   0x08001f78   0x000006dc   Code   RO         4077    i._printf_core      mc_w.l(printfa.o)
    0x08002654   0x08002654   0x00000024   Code   RO         4078    i._printf_post_padding  mc_w.l(printfa.o)
    0x08002678   0x08002678   0x0000002e   Code   RO         4079    i._printf_pre_padding  mc_w.l(printfa.o)
    0x080026a6   0x080026a6   0x0000000a   Code   RO         4081    i._sputc            mc_w.l(printfa.o)
    0x080026b0   0x080026b0   0x00000100   Code   RO          588    i.adc_GPIOInit      bsp_adc.o
    0x080027b0   0x080027b0   0x000000f4   Code   RO          589    i.adc_PinConvertChannel  bsp_adc.o
    0x080028a4   0x080028a4   0x000000a4   Code   RO          326    i.checkFlagGBKStorage  bsp_w25qxx.o
    0x08002948   0x08002948   0x00000138   Code   RO          590    i.configADC1        bsp_adc.o
    0x08002a80   0x08002a80   0x00000012   Code   RO          182    i.delay_ms          bsp_lcd_ili9341.o
    0x08002a92   0x08002a92   0x0000001a   Code   RO          327    i.delay_us          bsp_w25qxx.o
    0x08002aac   0x08002aac   0x00000016   Code   RO          591    i.delay_us          bsp_adc.o
    0x08002ac2   0x08002ac2   0x00000002   PAD
    0x08002ac4   0x08002ac4   0x00000120   Code   RO          183    i.drawAscii         bsp_lcd_ili9341.o
    0x08002be4   0x08002be4   0x000000ae   Code   RO          184    i.drawGBK           bsp_lcd_ili9341.o
    0x08002c92   0x08002c92   0x00000002   PAD
    0x08002c94   0x08002c94   0x00000054   Code   RO          328    i.eraseSector       bsp_w25qxx.o
    0x08002ce8   0x08002ce8   0x0000001c   Code   RO          429    i.fputc             bsp_usart.o
    0x08002d04   0x08002d04   0x0000008c   Code   RO          185    i.fsmcConfig        bsp_lcd_ili9341.o
    0x08002d90   0x08002d90   0x00000098   Code   RO          592    i.getADC1Value      bsp_adc.o
    0x08002e28   0x08002e28   0x000001a4   Code   RO          186    i.gpioConfig        bsp_lcd_ili9341.o
    0x08002fcc   0x08002fcc   0x000002bc   Code   RO          187    i.ili9341RegConfig  bsp_lcd_ili9341.o
    0x08003288   0x08003288   0x00000022   Code   RO            5    i.main              main.o
    0x080032aa   0x080032aa   0x00000002   PAD
    0x080032ac   0x080032ac   0x0000000c   Code   RO          188    i.readData          bsp_lcd_ili9341.o
    0x080032b8   0x080032b8   0x0000022c   Code   RO          329    i.readID            bsp_w25qxx.o
    0x080034e4   0x080034e4   0x0000004c   Code   RO          330    i.sendByte          bsp_w25qxx.o
    0x08003530   0x08003530   0x00000066   Code   RO          189    i.setCursor         bsp_lcd_ili9341.o
    0x08003596   0x08003596   0x00000002   PAD
    0x08003598   0x08003598   0x00000058   Code   RO          331    i.spiInit           bsp_w25qxx.o
    0x080035f0   0x080035f0   0x0000000c   Code   RO          190    i.writeData         bsp_lcd_ili9341.o
    0x080035fc   0x080035fc   0x00000020   Code   RO          332    i.writeEnable       bsp_w25qxx.o
    0x0800361c   0x0800361c   0x00000088   Code   RO          333    i.writeSector       bsp_w25qxx.o
    0x080036a4   0x080036a4   0x00000008   Code   RO          191    i.wrtieCmd          bsp_lcd_ili9341.o
    0x080036ac   0x080036ac   0x00004c62   Data   RO          193    .constdata          bsp_lcd_ili9341.o
    0x0800830e   0x0800830e   0x00000002   PAD
    0x08008310   0x08008310   0x00000020   Data   RO         4154    Region$$Table       anon$$obj.o


    Execution Region RW_IRAM1 (Exec base: 0x20000000, Load base: 0x08008330, Size: 0x000041a0, Max: 0x00010000, ABSOLUTE)

    Exec Addr    Load Addr    Size         Type   Attr      Idx    E Section Name        Object

    0x20000000   0x08008330   0x00000014   Data   RW            6    .data               main.o
    0x20000014   0x08008344   0x0000001c   Data   RW          431    .data               bsp_usart.o
    0x20000030   0x08008360   0x00000008   Data   RW          593    .data               bsp_adc.o
    0x20000038   0x08008368   0x0000001a   Data   RW          649    .data               system_f103.o
    0x20000052   0x08008382   0x00000014   Data   RW         2445    .data               stm32f10x_rcc.o
    0x20000066   0x08008396   0x00000002   PAD
    0x20000068        -       0x0000000a   Zero   RW          192    .bss                bsp_lcd_ili9341.o
    0x20000072        -       0x00001018   Zero   RW          334    .bss                bsp_w25qxx.o
    0x2000108a        -       0x00002d16   Zero   RW          430    .bss                bsp_usart.o
    0x20003da0        -       0x00000400   Zero   RW          770    STACK               startup_stm32f10x_hd.o


==============================================================================

Image component sizes


      Code (inc. data)   RO Data    RW Data    ZI Data      Debug   Object Name

      1090        110          0          8          0       4282   bsp_adc.o
      2398        106      19554          0         10      14318   bsp_lcd_ili9341.o
      1500        294          0         28      11542       7959   bsp_usart.o
      1906        438          0          0       4120       9683   bsp_w25qxx.o
       600         70          0         20          0     255489   main.o
       112         12          0          0          0        996   misc.o
        36          8        304          0       1024        852   startup_stm32f10x_hd.o
       278          0          0          0          0       1940   stm32f10x_gpio.o
        24          0          0          0          0       3348   stm32f10x_it.o
       340         44          0         20          0       5508   stm32f10x_rcc.o
       246         42          0          0          0       3482   stm32f10x_tim.o
       470         28          0          0          0       4241   stm32f10x_usart.o
        68         12          0         26          0       5863   system_f103.o
       264         18          0          0          0        989   system_stm32f10x.o

    ----------------------------------------------------------------------
      9348       1182      19892        104      16696     318950   Object Totals
         0          0         32          0          0          0   (incl. Generated)
        16          0          2          2          0          0   (incl. Padding)

    ----------------------------------------------------------------------

      Code (inc. data)   RO Data    RW Data    ZI Data      Debug   Library Member Name

         0          0          0          0          0          0   entry.o
         0          0          0          0          0          0   entry10a.o
         0          0          0          0          0          0   entry11a.o
         8          4          0          0          0          0   entry2.o
         4          0          0          0          0          0   entry5.o
         0          0          0          0          0          0   entry7b.o
         0          0          0          0          0          0   entry8b.o
         8          4          0          0          0          0   entry9a.o
        30          0          0          0          0          0   handlers.o
        36          8          0          0          0         68   init.o
         0          0          0          0          0          0   iusefp.o
        30          0          0          0          0         68   llshl.o
        36          0          0          0          0         68   llsshr.o
        32          0          0          0          0         68   llushr.o
        36          0          0          0          0         68   memcpya.o
        36          0          0          0          0        108   memseta.o
      2308         96          0          0          0        604   printfa.o
        44          0          0          0          0         80   uidiv.o
        98          0          0          0          0         92   uldiv.o
        48          0          0          0          0         68   cdrcmple.o
        20          0          0          0          0         68   cfcmple.o
        20          0          0          0          0         68   cfrcmple.o
        56          0          0          0          0         88   d2f.o
       334          0          0          0          0        148   dadd.o
       222          0          0          0          0        100   ddiv.o
       186          0          0          0          0        176   depilogue.o
        48          0          0          0          0         68   dfixul.o
       228          0          0          0          0         96   dmul.o
        38          0          0          0          0         68   f2d.o
       176          0          0          0          0        140   fadd.o
       110          0          0          0          0        168   fepilogue.o
        40          0          0          0          0         68   ffixui.o
        10          0          0          0          0         68   ffltui.o
       100          0          0          0          0         76   fmul.o

    ----------------------------------------------------------------------
      4344        112          0          0          0       2692   Library Totals
         2          0          0          0          0          0   (incl. Padding)

    ----------------------------------------------------------------------

      Code (inc. data)   RO Data    RW Data    ZI Data      Debug   Library Name

      2706        112          0          0          0       1224   mc_w.l
      1636          0          0          0          0       1468   mf_w.l

    ----------------------------------------------------------------------
      4344        112          0          0          0       2692   Library Totals

    ----------------------------------------------------------------------

==============================================================================


      Code (inc. data)   RO Data    RW Data    ZI Data      Debug   

     13692       1294      19892        104      16696     316750   Grand Totals
     13692       1294      19892        104      16696     316750   ELF Image Totals
     13692       1294      19892        104          0          0   ROM Totals

==============================================================================

    Total RO  Size (Code + RO Data)                33584 (  32.80kB)
    Total RW  Size (RW Data + ZI Data)             16800 (  16.41kB)
    Total ROM Size (Code + RO Data + RW Data)      33688 (  32.90kB)

==============================================================================

